{
  "finalResult": "pass",
  "checks": 28,
  "defects": 0
}
Accessibility QA summary: /workspace/review-artifacts/phase2/accessibility-qa/summary.json
Accessibility inline results: /workspace/review-artifacts/phase2/accessibility-inline-results.json
Rows: 90; pass: 89; fail: 0
{
  "statusTotals": {
    "pass": 89,
    "unexecuted (deferred)": 1
  },
  "totalRows": 90,
  "nonPassCount": 1
}
{
  "baselineSha": "05def6b17c7645d783c85df92d1e4053099c2ea4",
  "currentHeadSha": "4a714b3cf19a33c59b4de0d92a3abd22e4f18703",
  "note": "Production (tsconfig.json), test (tsconfig.test.json), and QA (tsconfig.qa.json) are measured separately. Equal counts are coincidental, not carry-over.",
  "production": {
    "label": "production-current",
    "command": "bun run typecheck",
    "config": "tsconfig.json",
    "configHash": "8f97853b2d38d434e95e1fe1ff72ae73e89b1a84a80fba13c95b66d42b256458",
    "bunVersion": "1.3.14",
    "typescriptVersion": "Version 5.9.3",
    "exitStatus": 2,
    "totalDiagnosticCount": 90,
    "includedFileCount": 1929,
    "includedFilesSample": [
      "node_modules/typescript/lib/lib.es5.d.ts",
      "node_modules/typescript/lib/lib.es2015.d.ts",
      "node_modules/typescript/lib/lib.es2016.d.ts",
      "node_modules/typescript/lib/lib.es2017.d.ts",
      "node_modules/typescript/lib/lib.es2018.d.ts"
    ],
    "artifactPath": "review-artifacts/phase2/typescript-production-current.log",
    "diagnostics": [
      {
        "file": "serve.ts",
        "line": 20,
        "code": "TS2339",
        "message": "Property 'dir' does not exist on type 'ImportMeta'."
      },
      {
        "file": "serve.ts",
        "line": 37,
        "code": "TS2868",
        "message": "Cannot find name 'Bun'. Do you need to install type definitions for Bun? Try `npm i --save-dev @types/bun` and then add 'bun' to the types field in your tsconfig."
      },
      {
        "file": "serve.ts",
        "line": 39,
        "code": "TS2868",
        "message": "Cannot find name 'Bun'. Do you need to install type definitions for Bun? Try `npm i --save-dev @types/bun` and then add 'bun' to the types field in your tsconfig."
      },
      {
        "file": "serve.ts",
        "line": 42,
        "code": "TS7006",
        "message": "Parameter 'req' implicitly has an 'any' type."
      },
      {
        "file": "serve.ts",
        "line": 45,
        "code": "TS2868",
        "message": "Cannot find name 'Bun'. Do you need to install type definitions for Bun? Try `npm i --save-dev @types/bun` and then add 'bun' to the types field in your tsconfig."
      },
      {
        "file": "serve.ts",
        "line": 56,
        "code": "TS2868",
        "message": "Cannot find name 'Bun'. Do you need to install type definitions for Bun? Try `npm i --save-dev @types/bun` and then add 'bun' to the types field in your tsconfig."
      },
      {
        "file": "src/components/RoiCalculator.tsx",
        "line": 324,
        "code": "TS2322",
        "message": "Type '\"\" | \"none\" | \"has\"' is not assignable to type '\"none\" | \"has\"'."
      },
      {
        "file": "src/components/RoiCalculator.tsx",
        "line": 355,
        "code": "TS2322",
        "message": "Type '\"\" | \"none\" | \"has\"' is not assignable to type '\"none\" | \"has\"'."
      },
      {
        "file": "src/components/RoiCalculator.tsx",
        "line": 524,
        "code": "TS7053",
        "message": "Element implicitly has an 'any' type because expression of type '\"\" | \"PestControl\" | \"Plumbers\" | \"Electricians\" | \"HVAC\" | \"Roofers\"' can't be used to index type '{ readonly Plumbers: { readonly label: \"Plumbers\"; readonly callsPerTruckPerMonth: 60; }; readonly Electricians: { readonly label: \"Electricians\"; readonly callsPerTruckPerMonth: 30; }; readonly HVAC: { ...; }; readonly Roofers: { ...; }; readonly PestControl: { ...; }; }'."
      },
      {
        "file": "src/components/VoiceDemo.tsx",
        "line": 154,
        "code": "TS2322",
        "message": "Type 'string[]' is not assignable to type '\"assistant.started\" | \"conversation-update\" | \"end-of-call-report\" | \"function-call\" | \"hang\" | \"language-changed\" | \"language-change-detected\" | \"model-output\" | \"phone-call-control\" | ... 17 more ... | undefined'."
      },
      {
        "file": "src/hooks/useVoiceDemo.ts",
        "line": 170,
        "code": "TS2322",
        "message": "Type 'string[]' is not assignable to type '\"assistant.started\" | \"conversation-update\" | \"end-of-call-report\" | \"function-call\" | \"hang\" | \"language-changed\" | \"language-change-detected\" | \"model-output\" | \"phone-call-control\" | ... 17 more ... | undefined'."
      },
      {
        "file": "src/server/appointmentLifecycle/calendarBookingSmoke.ts",
        "line": 151,
        "code": "TS2783",
        "message": "'startIso' is specified more than once, so this usage will be overwritten."
      },
      {
        "file": "src/server/appointmentLifecycle/calendarCapabilityProbe.ts",
        "line": 185,
        "code": "TS2322",
        "message": "Type 'GoogleCalendarResource' is not assignable to type 'string | T'."
      },
      {
        "file": "src/server/appointmentLifecycle/googleBookingProviderProbe.ts",
        "line": 129,
        "code": "TS2741",
        "message": "Property 'attendeeCount' is missing in type '{ failureStage: \"recheck_failed\"; }' but required in type 'Pick<BookingProviderProbeResult, \"failureStage\" | \"httpStatus\" | \"googleErrorReason\" | \"sendUpdatesUsed\" | \"attendeeCount\" | \"googleErrorMessage\" | \"eventStartIso\" | \"eventEndIso\">'."
      },
      {
        "file": "src/server/appointmentLifecycle/googleBookingProviderProbe.ts",
        "line": 171,
        "code": "TS2322",
        "message": "Type 'string | undefined' is not assignable to type 'string | null'."
      },
      {
        "file": "src/server/appointmentLifecycle/googleBookingProviderProbe.ts",
        "line": 188,
        "code": "TS2322",
        "message": "Type 'string | undefined' is not assignable to type 'string | null'."
      },
      {
        "file": "src/server/appointmentLifecycle/googleBookingProviderProbe.ts",
        "line": 284,
        "code": "TS2345",
        "message": "Argument of type '{ start: string; includeAttendee: boolean; attendeeEmail?: string | undefined; cleanup?: boolean | undefined; now?: Date | undefined; }' is not assignable to parameter of type '{ start: string; phone: string; includeAttendee: boolean; attendeeEmail?: string | undefined; now?: Date | undefined; }'."
      },
      {
        "file": "src/server/appointmentLifecycle/googleBookingProviderProbe.ts",
        "line": 343,
        "code": "TS2322",
        "message": "Type 'string | undefined' is not assignable to type 'string | null'."
      },
      {
        "file": "src/server/appointmentLifecycle/googleBookingProviderProbe.ts",
        "line": 455,
        "code": "TS2322",
        "message": "Type '{ smokeUses: \"createConsultationEvent\"; handsetUses: string; inputDiff: { field: string; smoke: string; handset: string; }[]; }' is not assignable to type '{ smokeUses: \"createConsultationEvent\"; handsetUses: \"bookProviderSlot → bookConsultation → createConsultationEvent → processCalendarEvent\"; inputDiff: { field: string; smoke: string; handset: string; }[]; }'."
      },
      {
        "file": "src/server/appointmentLifecycle/googleBookingProviderProbe.ts",
        "line": 472,
        "code": "TS2322",
        "message": "Type 'Date | undefined' is not assignable to type 'Date'."
      },
      {
        "file": "src/server/appointmentLifecycle/googleBookingProviderProbe.ts",
        "line": 503,
        "code": "TS2322",
        "message": "Type '{ smokeUses: \"createConsultationEvent\"; handsetUses: string; inputDiff: { field: string; smoke: string; handset: string; }[]; }' is not assignable to type '{ smokeUses: \"createConsultationEvent\"; handsetUses: \"bookProviderSlot → bookConsultation → createConsultationEvent → processCalendarEvent\"; inputDiff: { field: string; smoke: string; handset: string; }[]; }'."
      },
      {
        "file": "src/server/appointmentLifecycle/googleCalendar.ts",
        "line": 1,
        "code": "TS6133",
        "message": "'createSign' is declared but its value is never read."
      },
      {
        "file": "src/server/appointmentLifecycle/googleCalendar.ts",
        "line": 8,
        "code": "TS6133",
        "message": "'GOOGLE_MEET_CONFERENCE_SOLUTION_TYPE' is declared but its value is never read."
      },
      {
        "file": "src/server/appointmentLifecycle/googleCalendar.ts",
        "line": 497,
        "code": "TS6133",
        "message": "'durationMinutes' is declared but its value is never read."
      },
      {
        "file": "src/server/appointmentLifecycle/googleCalendar.ts",
        "line": 702,
        "code": "TS6133",
        "message": "'insertCalendarEvent' is declared but its value is never read."
      },
      {
        "file": "src/server/appointmentLifecycle/googleCalendarAuth.ts",
        "line": 195,
        "code": "TS2339",
        "message": "Property 'reason' does not exist on type 'GoogleOAuthRefreshResult'."
      },
      {
        "file": "src/server/appointmentLifecycle/googleCalendarAuth.ts",
        "line": 198,
        "code": "TS2339",
        "message": "Property 'detail' does not exist on type 'GoogleOAuthRefreshResult'."
      },
      {
        "file": "src/server/appointmentLifecycle/googleCalendarAuth.ts",
        "line": 198,
        "code": "TS2339",
        "message": "Property 'reason' does not exist on type 'GoogleOAuthRefreshResult'."
      },
      {
        "file": "src/server/appointmentLifecycle/googleCredentials.ts",
        "line": 227,
        "code": "TS2339",
        "message": "Property 'message' does not exist on type 'string | { code?: number | undefined; message?: string | undefined; errors?: { reason?: string | undefined; message?: string | undefined; }[] | undefined; }'."
      },
      {
        "file": "src/server/appointmentLifecycle/googleProviderProbe.ts",
        "line": 114,
        "code": "TS2345",
        "message": "Argument of type 'Record<string, unknown>' is not assignable to parameter of type 'GoogleCalendarApiEvent'."
      },
      {
        "file": "src/server/appointmentLifecycle/handleInbound.ts",
        "line": 154,
        "code": "TS2345",
        "message": "Argument of type '\"cancellation_failed\"' is not assignable to parameter of type 'AppointmentLogEvent'."
      },
      {
        "file": "src/server/appointmentLifecycle/messages.ts",
        "line": 33,
        "code": "TS6133",
        "message": "'name' is declared but its value is never read."
      },
      {
        "file": "src/server/appointmentLifecycle/messages.ts",
        "line": 61,
        "code": "TS6133",
        "message": "'name' is declared but its value is never read."
      },
      {
        "file": "src/server/appointmentLifecycle/messages.ts",
        "line": 93,
        "code": "TS2552",
        "message": "Cannot find name 'formatAppointmentParts'. Did you mean 'formatNaturalAppointmentParts'?"
      },
      {
        "file": "src/server/appointmentLifecycle/processEvent.ts",
        "line": 342,
        "code": "TS2345",
        "message": "Argument of type '\"phone\" | \"email\" | \"both\" | \"correlation\"' is not assignable to parameter of type 'MatchMethod | undefined'."
      },
      {
        "file": "src/server/appointmentLifecycle/store.ts",
        "line": 42,
        "code": "TS6133",
        "message": "'now' is declared but its value is never read."
      },
      {
        "file": "src/server/demoSpeed2Lead/intents.ts",
        "line": 58,
        "code": "TS2367",
        "message": "This comparison appears to be unintentional because the types 'DemoConversationState' and '\"awaiting_faq_business_value\"' have no overlap."
      },
      {
        "file": "src/server/demoSpeed2Lead/intents.ts",
        "line": 59,
        "code": "TS2367",
        "message": "This comparison appears to be unintentional because the types 'DemoConversationState' and '\"awaiting_booking_value\"' have no overlap."
      },
      {
        "file": "src/server/demoSpeed2Lead/intents.ts",
        "line": 60,
        "code": "TS2367",
        "message": "This comparison appears to be unintentional because the types 'DemoConversationState' and '\"awaiting_confirmation_value\"' have no overlap."
      },
      {
        "file": "src/server/demoSpeed2Lead/intents.ts",
        "line": 61,
        "code": "TS2367",
        "message": "This comparison appears to be unintentional because the types 'DemoConversationState' and '\"awaiting_maintenance_value\"' have no overlap."
      },
      {
        "file": "src/server/demoSpeed2Lead/intents.ts",
        "line": 62,
        "code": "TS2367",
        "message": "This comparison appears to be unintentional because the types 'DemoConversationState' and '\"awaiting_multiple_priority\"' have no overlap."
      },
      {
        "file": "src/server/demoSpeed2Lead/intents.ts",
        "line": 63,
        "code": "TS2367",
        "message": "This comparison appears to be unintentional because the types 'DemoConversationState' and '\"awaiting_not_sure_relevance\"' have no overlap."
      },
      {
        "file": "src/server/demoSpeed2Lead/messages.ts",
        "line": 25,
        "code": "TS6133",
        "message": "'context' is declared but its value is never read."
      },
      {
        "file": "src/server/demoSpeed2Lead/messages.ts",
        "line": 50,
        "code": "TS6133",
        "message": "'context' is declared but its value is never read."
      },
      {
        "file": "src/server/demoSpeed2Lead/messages.ts",
        "line": 68,
        "code": "TS6133",
        "message": "'context' is declared but its value is never read."
      },
      {
        "file": "src/server/demoSpeed2Lead/messages.ts",
        "line": 79,
        "code": "TS6133",
        "message": "'context' is declared but its value is never read."
      },
      {
        "file": "src/server/demoSpeed2Lead/messages.ts",
        "line": 193,
        "code": "TS6133",
        "message": "'context' is declared but its value is never read."
      },
      {
        "file": "src/server/demoSpeed2Lead/messages.ts",
        "line": 197,
        "code": "TS6133",
        "message": "'context' is declared but its value is never read."
      },
      {
        "file": "src/server/demoSpeed2Lead/messages.ts",
        "line": 208,
        "code": "TS6133",
        "message": "'context' is declared but its value is never read."
      },
      {
        "file": "src/server/demoSpeed2Lead/messages.ts",
        "line": 226,
        "code": "TS6133",
        "message": "'context' is declared but its value is never read."
      },
      {
        "file": "src/server/demoSpeed2Lead/startConversation.ts",
        "line": 112,
        "code": "TS2345",
        "message": "Argument of type 'AnyConversationContext' is not assignable to parameter of type 'DemoConversationContext'."
      },
      {
        "file": "src/server/demoSpeed2Lead/stateMachine.ts",
        "line": 4,
        "code": "TS6133",
        "message": "'PainCategory' is declared but its value is never read."
      },
      {
        "file": "src/server/demoSpeed2Lead/stateMachine.ts",
        "line": 240,
        "code": "TS6133",
        "message": "'state' is declared but its value is never read."
      },
      {
        "file": "src/server/demoSpeed2Lead/stateMachine.ts",
        "line": 272,
        "code": "TS2367",
        "message": "This comparison appears to be unintentional because the types 'DemoConversationState' and '\"awaiting_demo_feature\"' have no overlap."
      },
      {
        "file": "src/server/demoSpeed2Lead/stateMachine.ts",
        "line": 317,
        "code": "TS2339",
        "message": "Property 'scheduleReady' does not exist on type 'MessageSignals'."
      },
      {
        "file": "src/server/deployVersion.ts",
        "line": 49,
        "code": "TS6133",
        "message": "'now' is declared but its value is never read."
      },
      {
        "file": "src/server/leads.ts",
        "line": 4,
        "code": "TS6133",
        "message": "'validateLeadInfo' is declared but its value is never read."
      },
      {
        "file": "src/server/report/renderReportPdf.server.ts",
        "line": 94,
        "code": "TS2322",
        "message": "Type '\"networkidle0\"' is not assignable to type '\"load\" | \"domcontentloaded\" | (\"load\" | \"domcontentloaded\")[] | undefined'."
      },
      {
        "file": "src/server/report/serveReportTokenPdf.server.ts",
        "line": 36,
        "code": "TS2345",
        "message": "Argument of type 'Uint8Array<ArrayBufferLike>' is not assignable to parameter of type 'BodyInit | null | undefined'."
      },
      {
        "file": "src/server/speed2Lead/agent/contactFlow/testScenarios/checks.ts",
        "line": 4,
        "code": "TS6133",
        "message": "'buildAlreadyClearOpener' is declared but its value is never read."
      },
      {
        "file": "src/server/speed2Lead/agent/contactFlow/testScenarios/seed.ts",
        "line": 18,
        "code": "TS2459",
        "message": "Module '\"~/server/speed2Lead/agent/contactFlow/testScenarios/types\"' declares 'InquiryClarity' locally, but it is not exported."
      },
      {
        "file": "src/server/speed2Lead/agent/demoFlow/openers.ts",
        "line": 1,
        "code": "TS6133",
        "message": "'AgentProfile' is declared but its value is never read."
      },
      {
        "file": "src/server/speed2Lead/agent/demoFlow/testScenarios/seed.ts",
        "line": 66,
        "code": "TS2353",
        "message": "Object literal may only specify known properties, and 'vapiCallId' does not exist in type '{ tenantId: string; phone: string; flow?: AgentFlow | undefined; firstName?: string | undefined; businessName?: string | undefined; email?: string | undefined; annualOpportunity?: string | undefined; ... 7 more ...; inquiryClarity?: InquiryClarity | undefined; }'."
      },
      {
        "file": "src/server/speed2Lead/agent/discoveryGuard.ts",
        "line": 111,
        "code": "TS2554",
        "message": "Expected 2-3 arguments, but got 4."
      },
      {
        "file": "src/server/speed2Lead/agent/handleInbound.ts",
        "line": 211,
        "code": "TS6133",
        "message": "'escalated' is declared but its value is never read."
      },
      {
        "file": "src/server/speed2Lead/agent/handleInbound.ts",
        "line": 433,
        "code": "TS2322",
        "message": "Type '\"bridge\" | \"booked\" | \"declined\" | \"discovery\" | \"booking_link_pending\" | \"offering_slots\" | \"confirming\" | \"handoff\"' is not assignable to type 'AgentStageOutput'."
      },
      {
        "file": "src/server/speed2Lead/agent/humanAlert.ts",
        "line": 50,
        "code": "TS2345",
        "message": "Argument of type '\"human_alert_send_failed\"' is not assignable to parameter of type 'AppointmentLogEvent'."
      },
      {
        "file": "src/server/speed2Lead/agent/scheduling/intentParser.ts",
        "line": 108,
        "code": "TS2322",
        "message": "Type 'FieldUpdate<unknown>' is not assignable to type 'RejectedSlotUpdate | undefined'."
      },
      {
        "file": "src/server/speed2Lead/agent/scheduling/intentParser.ts",
        "line": 497,
        "code": "TS2345",
        "message": "Argument of type '{ offeredSlots: string[] | undefined; status: \"idle\" | \"slots_offered\" | \"confirmed\"; requestedDate?: string | undefined; availabilityPreference?: AvailabilityPreference | undefined; ... 17 more ...; availabilityAttempts?: number | undefined; } | undefined' is not assignable to parameter of type 'SchedulingState | undefined'."
      },
      {
        "file": "src/server/speed2Lead/agent/scheduling/intentParser.ts",
        "line": 584,
        "code": "TS2322",
        "message": "Type 'FieldUpdate<unknown>' is not assignable to type 'RejectedSlotUpdate | undefined'."
      },
      {
        "file": "src/server/speed2Lead/agent/scheduling/provider.ts",
        "line": 204,
        "code": "TS2339",
        "message": "Property 'selectedStart' does not exist on type 'CreateConsultationEventSuccess | BookConsultationSuccess'."
      },
      {
        "file": "src/server/speed2Lead/agent/scheduling/provider.ts",
        "line": 206,
        "code": "TS2339",
        "message": "Property 'lifecycle' does not exist on type 'CreateConsultationEventSuccess | BookConsultationSuccess'."
      },
      {
        "file": "src/server/speed2Lead/agent/scheduling/state.ts",
        "line": 91,
        "code": "TS2322",
        "message": "Type 'import(\"/workspace/src/server/speed2Lead/agent/scheduling/types\").AvailabilityPreference | undefined' is not assignable to type 'import(\"/workspace/src/server/speed2Lead/sessionMemoryTypes\").AvailabilityPreference | undefined'."
      },
      {
        "file": "src/server/speed2Lead/agent/schedulingContext.ts",
        "line": 55,
        "code": "TS6133",
        "message": "'REJECT_OFFERED_RE' is declared but its value is never read."
      },
      {
        "file": "src/server/speed2Lead/agent/schedulingContext.ts",
        "line": 66,
        "code": "TS6133",
        "message": "'BARE_TIME_PREFERENCE_RE' is declared but its value is never read."
      },
      {
        "file": "src/server/speed2Lead/agent/schedulingContext.ts",
        "line": 314,
        "code": "TS6133",
        "message": "'scheduling' is declared but its value is never read."
      },
      {
        "file": "src/server/speed2Lead/agent/schedulingContext.ts",
        "line": 963,
        "code": "TS2367",
        "message": "This comparison appears to be unintentional because the types 'AvailabilityPreference | undefined' and '\"evening\"' have no overlap."
      },
      {
        "file": "src/server/speed2Lead/agent/testScenarios/batch-1.ts",
        "line": 5,
        "code": "TS6133",
        "message": "'dateKeyInTimezone' is declared but its value is never read."
      },
      {
        "file": "src/server/speed2Lead/agent/testScenarios/checks.ts",
        "line": 53,
        "code": "TS6133",
        "message": "'assistantMessages' is declared but its value is never read."
      },
      {
        "file": "src/server/speed2Lead/agent/testScenarios/checks.ts",
        "line": 64,
        "code": "TS6133",
        "message": "'countQuestionMarks' is declared but its value is never read."
      },
      {
        "file": "src/server/speed2Lead/agent/testScenarios/checks.ts",
        "line": 529,
        "code": "TS2367",
        "message": "This comparison appears to be unintentional because the types '\"bridge\" | \"offering_slots\"' and '\"booked\"' have no overlap."
      },
      {
        "file": "src/server/speed2Lead/agent/testScenarios/checks.ts",
        "line": 625,
        "code": "TS6133",
        "message": "'lower' is declared but its value is never read."
      },
      {
        "file": "src/server/speed2Lead/agent/testScenarios/seed.ts",
        "line": 65,
        "code": "TS6133",
        "message": "'profile' is declared but its value is never read."
      },
      {
        "file": "src/server/speed2Lead/memory.ts",
        "line": 145,
        "code": "TS2339",
        "message": "Property 'detectedPains' does not exist on type 'AnyConversationContext'."
      },
      {
        "file": "src/server/speed2Lead/memory.ts",
        "line": 145,
        "code": "TS2339",
        "message": "Property 'detectedPains' does not exist on type 'AnyConversationContext'."
      },
      {
        "file": "src/server/speed2Lead/memory.ts",
        "line": 148,
        "code": "TS2339",
        "message": "Property 'detectedPains' does not exist on type 'AnyConversationContext'."
      },
      {
        "file": "src/server/speed2Lead/messages.ts",
        "line": 27,
        "code": "TS6133",
        "message": "'context' is declared but its value is never read."
      },
      {
        "file": "src/server/speed2Lead/nurtureFollowUp.ts",
        "line": 41,
        "code": "TS2339",
        "message": "Property 'primaryOpportunity' does not exist on type '(SessionMemoryFields & { flow: \"demo\"; phone: string; firstName: string; lastName: string; businessName?: string | undefined; email: string; hasWebsite: boolean; ... 14 more ...; updatedAt: string; } & { ...; }) | (SessionMemoryFields & ... 1 more ... & { ...; })'."
      },
      {
        "file": "src/server/speed2Lead/stateMachine.ts",
        "line": 196,
        "code": "TS6133",
        "message": "'state' is declared but its value is never read."
      },
      {
        "file": "src/server/speed2Lead/stateMachine.ts",
        "line": 205,
        "code": "TS2367",
        "message": "This comparison appears to be unintentional because the types 'ConversationState' and '\"awaiting_goal\"' have no overlap."
      }
    ]
  },
  "testScope": {
    "label": "test-current",
    "command": "bun run typecheck:test",
    "config": "tsconfig.test.json",
    "configHash": "6a1058e309801cc2be3fd0c7c7ad2e992212b1390592dcfa25dda3872cc279c0",
    "bunVersion": "1.3.14",
    "typescriptVersion": "Version 5.9.3",
    "exitStatus": 2,
    "totalDiagnosticCount": 84,
    "includedFileCount": 1740,
    "includedFilesSample": [
      "node_modules/typescript/lib/lib.es5.d.ts",
      "node_modules/typescript/lib/lib.es2015.d.ts",
      "node_modules/typescript/lib/lib.es2016.d.ts",
      "node_modules/typescript/lib/lib.es2017.d.ts",
      "node_modules/typescript/lib/lib.es2018.d.ts"
    ],
    "artifactPath": "review-artifacts/phase2/typescript-test-current.log",
    "diagnostics": [
      {
        "file": "src/lib/report/buildReportViewModel.test.ts",
        "line": 64,
        "code": "TS2345",
        "message": "Argument of type 'number' is not assignable to parameter of type 'ScenarioIndex'."
      },
      {
        "file": "src/lib/report/renderReportPdf.test.ts",
        "line": 39,
        "code": "TS18046",
        "message": "'annots.size' is of type 'unknown'."
      },
      {
        "file": "src/lib/report/renderReportPdf.test.ts",
        "line": 40,
        "code": "TS2339",
        "message": "Property 'get' does not exist on type 'PDFObject & Record<\"size\", unknown>'."
      },
      {
        "file": "src/routes/api/cron/agent-no-response-followups.ts",
        "line": 26,
        "code": "TS2345",
        "message": "Argument of type '\"/api/cron/agent-no-response-followups\"' is not assignable to parameter of type 'undefined'."
      },
      {
        "file": "src/server/appointmentLifecycle/calendarBookingSmoke.test.ts",
        "line": 90,
        "code": "TS2345",
        "message": "Argument of type 'Mock<() => Promise<{ startIso: string; calendarId: string; withoutAttendee: { ok: boolean; variant: \"no_attendee\"; }; withAttendee: { ok: boolean; variant: \"with_attendee\"; }; }>>' is not assignable to parameter of type '(args: { start: string; attendeeEmail?: string | undefined; cleanup?: boolean | undefined; now?: Date | undefined; }) => Promise<{ startIso: string; calendarId: string | null; withoutAttendee: BookingProviderProbeResult; withAttendee: BookingProviderProbeResult; }>'."
      },
      {
        "file": "src/server/appointmentLifecycle/calendarBookingSmoke.test.ts",
        "line": 91,
        "code": "TS2345",
        "message": "Argument of type 'Mock<() => Promise<{ attendeeIncluded: boolean; attendeeCount: number; summaryPrefix: string; hasAttendeesField: boolean; }>>' is not assignable to parameter of type '(args: { start: string; includeAttendee: boolean; attendeeEmail?: string | undefined; }) => Promise<{ attendeeIncluded: boolean; attendeeCount: number; sendUpdatesUsed?: string | undefined; summaryPrefix: string; hasAttendeesField: boolean; phoneSource: string; }>'."
      },
      {
        "file": "src/server/appointmentLifecycle/calendarBookingSmoke.test.ts",
        "line": 94,
        "code": "TS2345",
        "message": "Argument of type 'Mock<() => Promise<{ ok: boolean; mode: \"handset_book_provider_slot\"; entrypoint: \"bookProviderSlot\"; startIso: string; phoneSuffix: string; attendeeIncluded: boolean; attendeeCount: number; bookingResult: { ...; }; smokePathComparison: { ...; }; }>>' is not assignable to parameter of type '(args: { start?: string | undefined; phone?: string | undefined; firstName?: string | undefined; businessName?: string | undefined; email?: string | undefined; cleanup?: boolean | undefined; now?: Date | undefined; }) => Promise<...>'."
      },
      {
        "file": "src/server/appointmentLifecycle/calendarBookingSmoke.ts",
        "line": 151,
        "code": "TS2783",
        "message": "'startIso' is specified more than once, so this usage will be overwritten."
      },
      {
        "file": "src/server/appointmentLifecycle/calendarCapabilityProbe.ts",
        "line": 185,
        "code": "TS2322",
        "message": "Type 'GoogleCalendarResource' is not assignable to type 'string | T'."
      },
      {
        "file": "src/server/appointmentLifecycle/googleBookingProviderProbe.ts",
        "line": 129,
        "code": "TS2741",
        "message": "Property 'attendeeCount' is missing in type '{ failureStage: \"recheck_failed\"; }' but required in type 'Pick<BookingProviderProbeResult, \"failureStage\" | \"httpStatus\" | \"googleErrorReason\" | \"sendUpdatesUsed\" | \"attendeeCount\" | \"googleErrorMessage\" | \"eventStartIso\" | \"eventEndIso\">'."
      },
      {
        "file": "src/server/appointmentLifecycle/googleBookingProviderProbe.ts",
        "line": 171,
        "code": "TS2322",
        "message": "Type 'string | undefined' is not assignable to type 'string | null'."
      },
      {
        "file": "src/server/appointmentLifecycle/googleBookingProviderProbe.ts",
        "line": 188,
        "code": "TS2322",
        "message": "Type 'string | undefined' is not assignable to type 'string | null'."
      },
      {
        "file": "src/server/appointmentLifecycle/googleBookingProviderProbe.ts",
        "line": 284,
        "code": "TS2345",
        "message": "Argument of type '{ start: string; includeAttendee: boolean; attendeeEmail?: string | undefined; cleanup?: boolean | undefined; now?: Date | undefined; }' is not assignable to parameter of type '{ start: string; phone: string; includeAttendee: boolean; attendeeEmail?: string | undefined; now?: Date | undefined; }'."
      },
      {
        "file": "src/server/appointmentLifecycle/googleBookingProviderProbe.ts",
        "line": 343,
        "code": "TS2322",
        "message": "Type 'string | undefined' is not assignable to type 'string | null'."
      },
      {
        "file": "src/server/appointmentLifecycle/googleBookingProviderProbe.ts",
        "line": 455,
        "code": "TS2322",
        "message": "Type '{ smokeUses: \"createConsultationEvent\"; handsetUses: string; inputDiff: { field: string; smoke: string; handset: string; }[]; }' is not assignable to type '{ smokeUses: \"createConsultationEvent\"; handsetUses: \"bookProviderSlot → bookConsultation → createConsultationEvent → processCalendarEvent\"; inputDiff: { field: string; smoke: string; handset: string; }[]; }'."
      },
      {
        "file": "src/server/appointmentLifecycle/googleBookingProviderProbe.ts",
        "line": 472,
        "code": "TS2322",
        "message": "Type 'Date | undefined' is not assignable to type 'Date'."
      },
      {
        "file": "src/server/appointmentLifecycle/googleBookingProviderProbe.ts",
        "line": 503,
        "code": "TS2322",
        "message": "Type '{ smokeUses: \"createConsultationEvent\"; handsetUses: string; inputDiff: { field: string; smoke: string; handset: string; }[]; }' is not assignable to type '{ smokeUses: \"createConsultationEvent\"; handsetUses: \"bookProviderSlot → bookConsultation → createConsultationEvent → processCalendarEvent\"; inputDiff: { field: string; smoke: string; handset: string; }[]; }'."
      },
      {
        "file": "src/server/appointmentLifecycle/googleCalendar.consultation.test.ts",
        "line": 302,
        "code": "TS2339",
        "message": "Property 'createRequest' does not exist on type '{}'."
      },
      {
        "file": "src/server/appointmentLifecycle/googleCalendar.consultation.test.ts",
        "line": 304,
        "code": "TS2339",
        "message": "Property 'createRequest' does not exist on type '{}'."
      },
      {
        "file": "src/server/appointmentLifecycle/googleCalendar.consultation.test.ts",
        "line": 325,
        "code": "TS2339",
        "message": "Property 'googleMeetUrl' does not exist on type 'CreateConsultationEventResult'."
      },
      {
        "file": "src/server/appointmentLifecycle/googleCalendarAuth.ts",
        "line": 195,
        "code": "TS2339",
        "message": "Property 'reason' does not exist on type 'GoogleOAuthRefreshResult'."
      },
      {
        "file": "src/server/appointmentLifecycle/googleCalendarAuth.ts",
        "line": 198,
        "code": "TS2339",
        "message": "Property 'detail' does not exist on type 'GoogleOAuthRefreshResult'."
      },
      {
        "file": "src/server/appointmentLifecycle/googleCalendarAuth.ts",
        "line": 198,
        "code": "TS2339",
        "message": "Property 'reason' does not exist on type 'GoogleOAuthRefreshResult'."
      },
      {
        "file": "src/server/appointmentLifecycle/googleCredentials.ts",
        "line": 227,
        "code": "TS2339",
        "message": "Property 'message' does not exist on type 'string | { code?: number | undefined; message?: string | undefined; errors?: { reason?: string | undefined; message?: string | undefined; }[] | undefined; }'."
      },
      {
        "file": "src/server/appointmentLifecycle/googleMeetConference.test.ts",
        "line": 190,
        "code": "TS2352",
        "message": "Conversion of type 'null' to type '{ conferenceData?: { createRequest?: { requestId?: string | undefined; conferenceSolutionKey?: { type?: string | undefined; } | undefined; } | undefined; } | undefined; }' may be a mistake because neither type sufficiently overlaps with the other. If this was intentional, convert the expression to 'unknown' first."
      },
      {
        "file": "src/server/appointmentLifecycle/handleInbound.ts",
        "line": 154,
        "code": "TS2345",
        "message": "Argument of type '\"cancellation_failed\"' is not assignable to parameter of type 'AppointmentLogEvent'."
      },
      {
        "file": "src/server/appointmentLifecycle/messages.ts",
        "line": 93,
        "code": "TS2552",
        "message": "Cannot find name 'formatAppointmentParts'. Did you mean 'formatNaturalAppointmentParts'?"
      },
      {
        "file": "src/server/appointmentLifecycle/processEvent.ts",
        "line": 342,
        "code": "TS2345",
        "message": "Argument of type '\"email\" | \"phone\" | \"both\" | \"correlation\"' is not assignable to parameter of type 'MatchMethod | undefined'."
      },
      {
        "file": "src/server/appointmentLifecycle/zz-lifecycle.integration.test.ts",
        "line": 230,
        "code": "TS2339",
        "message": "Property 'lifecycle' does not exist on type 'CreateConsultationEventSuccess | BookConsultationSuccess'."
      },
      {
        "file": "src/server/appointmentLifecycle/zz-lifecycle.integration.test.ts",
        "line": 231,
        "code": "TS2339",
        "message": "Property 'lifecycle' does not exist on type 'CreateConsultationEventSuccess | BookConsultationSuccess'."
      },
      {
        "file": "src/server/appointmentLifecycle/zz-lifecycle.integration.test.ts",
        "line": 289,
        "code": "TS2339",
        "message": "Property 'lifecycle' does not exist on type 'CreateConsultationEventSuccess | BookConsultationSuccess'."
      },
      {
        "file": "src/server/demoSpeed2Lead/startConversation.ts",
        "line": 112,
        "code": "TS2345",
        "message": "Argument of type 'AnyConversationContext' is not assignable to parameter of type 'DemoConversationContext'."
      },
      {
        "file": "src/server/demoSpeed2Lead/stateMachine.ts",
        "line": 272,
        "code": "TS2367",
        "message": "This comparison appears to be unintentional because the types 'DemoConversationState' and '\"awaiting_demo_feature\"' have no overlap."
      },
      {
        "file": "src/server/demoSpeed2Lead/stateMachine.ts",
        "line": 317,
        "code": "TS2339",
        "message": "Property 'scheduleReady' does not exist on type 'MessageSignals'."
      },
      {
        "file": "src/server/report/renderReportPdf.server.ts",
        "line": 94,
        "code": "TS2322",
        "message": "Type '\"networkidle0\"' is not assignable to type '\"load\" | \"domcontentloaded\" | (\"load\" | \"domcontentloaded\")[] | undefined'."
      },
      {
        "file": "src/server/sms/inboundRecovery.characterization.test.ts",
        "line": 97,
        "code": "TS2339",
        "message": "Property 'sendLegacyConfirmation' does not exist on type 'ComplianceDecision'."
      },
      {
        "file": "src/server/sms/optOut.test.ts",
        "line": 37,
        "code": "TS2339",
        "message": "Property 'sendLegacyConfirmation' does not exist on type 'ComplianceDecision'."
      },
      {
        "file": "src/server/sms/optOut.test.ts",
        "line": 44,
        "code": "TS2339",
        "message": "Property 'sendLegacyConfirmation' does not exist on type 'ComplianceDecision'."
      },
      {
        "file": "src/server/speed2Lead/agent/contactFlow/openers.test.ts",
        "line": 93,
        "code": "TS2769",
        "message": "No overload matches this call."
      },
      {
        "file": "src/server/speed2Lead/agent/discoveryGuard.test.ts",
        "line": 49,
        "code": "TS2322",
        "message": "Type 'AgentSession' is not assignable to type '{ stage: \"discovery\"; flow: AgentFlow; tenantId: string; phone: string; firstName?: string; businessName?: string; email?: string; annualOpportunity?: string; primaryOpportunity?: string; ... 55 more ...; updatedAt: string; }'."
      },
      {
        "file": "src/server/speed2Lead/agent/discoveryGuard.test.ts",
        "line": 50,
        "code": "TS2322",
        "message": "Type 'AgentSession' is not assignable to type '{ stage: \"discovery\"; flow: AgentFlow; tenantId: string; phone: string; firstName?: string; businessName?: string; email?: string; annualOpportunity?: string; primaryOpportunity?: string; ... 55 more ...; updatedAt: string; }'."
      },
      {
        "file": "src/server/speed2Lead/agent/discoveryGuard.ts",
        "line": 111,
        "code": "TS2554",
        "message": "Expected 2-3 arguments, but got 4."
      },
      {
        "file": "src/server/speed2Lead/agent/handleInbound.ts",
        "line": 433,
        "code": "TS2322",
        "message": "Type '\"bridge\" | \"booked\" | \"declined\" | \"discovery\" | \"booking_link_pending\" | \"offering_slots\" | \"confirming\" | \"handoff\"' is not assignable to type 'AgentStageOutput'."
      },
      {
        "file": "src/server/speed2Lead/agent/humanAlert.ts",
        "line": 50,
        "code": "TS2345",
        "message": "Argument of type '\"human_alert_send_failed\"' is not assignable to parameter of type 'AppointmentLogEvent'."
      },
      {
        "file": "src/server/speed2Lead/agent/roiDeclineHandling.test.ts",
        "line": 37,
        "code": "TS2769",
        "message": "No overload matches this call."
      },
      {
        "file": "src/server/speed2Lead/agent/scheduling/intentParser.ts",
        "line": 108,
        "code": "TS2322",
        "message": "Type 'FieldUpdate<unknown>' is not assignable to type 'RejectedSlotUpdate | undefined'."
      },
      {
        "file": "src/server/speed2Lead/agent/scheduling/intentParser.ts",
        "line": 497,
        "code": "TS2345",
        "message": "Argument of type '{ offeredSlots: string[] | undefined; status: \"idle\" | \"slots_offered\" | \"confirmed\"; requestedDate?: string | undefined; availabilityPreference?: AvailabilityPreference | undefined; ... 17 more ...; availabilityAttempts?: number | undefined; } | undefined' is not assignable to parameter of type 'SchedulingState | undefined'."
      },
      {
        "file": "src/server/speed2Lead/agent/scheduling/intentParser.ts",
        "line": 584,
        "code": "TS2322",
        "message": "Type 'FieldUpdate<unknown>' is not assignable to type 'RejectedSlotUpdate | undefined'."
      },
      {
        "file": "src/server/speed2Lead/agent/scheduling/provider.ts",
        "line": 204,
        "code": "TS2339",
        "message": "Property 'selectedStart' does not exist on type 'CreateConsultationEventSuccess | BookConsultationSuccess'."
      },
      {
        "file": "src/server/speed2Lead/agent/scheduling/provider.ts",
        "line": 206,
        "code": "TS2339",
        "message": "Property 'lifecycle' does not exist on type 'CreateConsultationEventSuccess | BookConsultationSuccess'."
      },
      {
        "file": "src/server/speed2Lead/agent/scheduling/state.ts",
        "line": 91,
        "code": "TS2322",
        "message": "Type 'import(\"/workspace/src/server/speed2Lead/agent/scheduling/types\").AvailabilityPreference | undefined' is not assignable to type 'import(\"/workspace/src/server/speed2Lead/sessionMemoryTypes\").AvailabilityPreference | undefined'."
      },
      {
        "file": "src/server/speed2Lead/agent/schedulingContext.ts",
        "line": 963,
        "code": "TS2367",
        "message": "This comparison appears to be unintentional because the types 'AvailabilityPreference | undefined' and '\"evening\"' have no overlap."
      },
      {
        "file": "src/server/speed2Lead/memory.ts",
        "line": 145,
        "code": "TS2339",
        "message": "Property 'detectedPains' does not exist on type 'AnyConversationContext'."
      },
      {
        "file": "src/server/speed2Lead/memory.ts",
        "line": 145,
        "code": "TS2339",
        "message": "Property 'detectedPains' does not exist on type 'AnyConversationContext'."
      },
      {
        "file": "src/server/speed2Lead/memory.ts",
        "line": 148,
        "code": "TS2339",
        "message": "Property 'detectedPains' does not exist on type 'AnyConversationContext'."
      },
      {
        "file": "src/server/speed2Lead/nurtureFollowUp.ts",
        "line": 41,
        "code": "TS2339",
        "message": "Property 'primaryOpportunity' does not exist on type '(SessionMemoryFields & { flow: \"demo\"; phone: string; firstName: string; lastName: string; businessName?: string | undefined; email: string; hasWebsite: boolean; ... 14 more ...; updatedAt: string; } & { ...; }) | (SessionMemoryFields & ... 1 more ... & { ...; })'."
      },
      {
        "file": "src/server/speed2Lead/session.memory.test.ts",
        "line": 51,
        "code": "TS2353",
        "message": "Object literal may only specify known properties, and 'lastName' does not exist in type '{ phone: string; firstName: string; businessName: string; email?: string | undefined; annualOpportunity: string; primaryOpportunity: string; trade?: \"HVAC\" | \"Plumbers\" | \"Electricians\" | \"Roofers\" | \"PestControl\" | undefined; truckCount?: number | undefined; monthlyCalls?: number | undefined; reportUrl: string; boo...'."
      },
      {
        "file": "src/server/speed2Lead/session.memory.test.ts",
        "line": 62,
        "code": "TS18048",
        "message": "'session.knownFacts' is possibly 'undefined'."
      },
      {
        "file": "src/server/speed2Lead/session.memory.test.ts",
        "line": 63,
        "code": "TS18048",
        "message": "'session.knownFacts' is possibly 'undefined'."
      },
      {
        "file": "src/server/speed2Lead/session.memory.test.ts",
        "line": 64,
        "code": "TS18048",
        "message": "'session.knownFacts' is possibly 'undefined'."
      },
      {
        "file": "src/server/speed2Lead/session.memory.test.ts",
        "line": 65,
        "code": "TS18048",
        "message": "'session.knownFacts' is possibly 'undefined'."
      },
      {
        "file": "src/server/speed2Lead/session.memory.test.ts",
        "line": 75,
        "code": "TS2322",
        "message": "Type '\"plumbing\"' is not assignable to type '\"HVAC\" | \"Plumbers\" | \"Electricians\" | \"Roofers\" | \"PestControl\" | undefined'."
      },
      {
        "file": "src/server/speed2Lead/session.memory.test.ts",
        "line": 82,
        "code": "TS18048",
        "message": "'session.knownFacts' is possibly 'undefined'."
      },
      {
        "file": "src/server/speed2Lead/session.memory.test.ts",
        "line": 83,
        "code": "TS18048",
        "message": "'session.knownFacts' is possibly 'undefined'."
      },
      {
        "file": "src/server/speed2Lead/session.memory.test.ts",
        "line": 84,
        "code": "TS18048",
        "message": "'session.knownFacts' is possibly 'undefined'."
      },
      {
        "file": "src/server/speed2Lead/session.memory.test.ts",
        "line": 120,
        "code": "TS18048",
        "message": "'session.knownFacts' is possibly 'undefined'."
      },
      {
        "file": "src/server/speed2Lead/session.memory.test.ts",
        "line": 121,
        "code": "TS18048",
        "message": "'session.knownFacts' is possibly 'undefined'."
      },
      {
        "file": "src/server/speed2Lead/session.memory.test.ts",
        "line": 122,
        "code": "TS18048",
        "message": "'session.knownFacts' is possibly 'undefined'."
      },
      {
        "file": "src/server/speed2Lead/session.memory.test.ts",
        "line": 144,
        "code": "TS18048",
        "message": "'updated.messages' is possibly 'undefined'."
      },
      {
        "file": "src/server/speed2Lead/session.memory.test.ts",
        "line": 165,
        "code": "TS18048",
        "message": "'session.messages' is possibly 'undefined'."
      },
      {
        "file": "src/server/speed2Lead/session.memory.test.ts",
        "line": 170,
        "code": "TS18048",
        "message": "'session.knownFacts' is possibly 'undefined'."
      },
      {
        "file": "src/server/speed2Lead/session.memory.test.ts",
        "line": 171,
        "code": "TS18048",
        "message": "'session.knownFacts' is possibly 'undefined'."
      },
      {
        "file": "src/server/speed2Lead/session.memory.test.ts",
        "line": 172,
        "code": "TS18048",
        "message": "'session.knownFacts' is possibly 'undefined'."
      },
      {
        "file": "src/server/speed2Lead/session.memory.test.ts",
        "line": 194,
        "code": "TS18048",
        "message": "'session.messages' is possibly 'undefined'."
      },
      {
        "file": "src/server/speed2Lead/session.memory.test.ts",
        "line": 195,
        "code": "TS18048",
        "message": "'session.messages' is possibly 'undefined'."
      },
      {
        "file": "src/server/speed2Lead/session.memory.test.ts",
        "line": 214,
        "code": "TS18048",
        "message": "'session.messages' is possibly 'undefined'."
      },
      {
        "file": "src/server/speed2Lead/session.memory.test.ts",
        "line": 231,
        "code": "TS18048",
        "message": "'session.messages' is possibly 'undefined'."
      },
      {
        "file": "src/server/speed2Lead/stateMachine.ts",
        "line": 205,
        "code": "TS2367",
        "message": "This comparison appears to be unintentional because the types 'ConversationState' and '\"awaiting_goal\"' have no overlap."
      },
      {
        "file": "src/server/speed2Lead/testPhoneAllowlist.test.ts",
        "line": 208,
        "code": "TS2353",
        "message": "Object literal may only specify known properties, and 'nurtureStage' does not exist in type 'Partial<ConversationContext>'."
      },
      {
        "file": "src/server/speed2Lead/testPhoneAllowlist.test.ts",
        "line": 223,
        "code": "TS2353",
        "message": "Object literal may only specify known properties, and 'nurtureStage' does not exist in type 'Partial<ConversationContext>'."
      },
      {
        "file": "src/server/speed2Lead/testPhoneAllowlist.test.ts",
        "line": 235,
        "code": "TS2353",
        "message": "Object literal may only specify known properties, and 'nurtureStage' does not exist in type 'Partial<ConversationContext>'."
      },
      {
        "file": "src/server/speed2Lead/testPhoneAllowlist.test.ts",
        "line": 249,
        "code": "TS2353",
        "message": "Object literal may only specify known properties, and 'nurtureStage' does not exist in type 'Partial<ConversationContext>'."
      },
      {
        "file": "src/server/speed2Lead/testPhoneAllowlist.test.ts",
        "line": 261,
        "code": "TS2353",
        "message": "Object literal may only specify known properties, and 'nurtureStage' does not exist in type 'Partial<ConversationContext>'."
      },
      {
        "file": "src/server/speed2Lead/testPhoneAllowlist.test.ts",
        "line": 279,
        "code": "TS2339",
        "message": "Property 'nurtureNextAt' does not exist on type 'ConversationContext'."
      }
    ]
  },
  "qaScope": {
    "label": "qa-current",
    "command": "bun run typecheck:qa",
    "config": "tsconfig.qa.json",
    "configHash": "8e64b559e0134138731a43d81313b9e072f499a5bd3dc6610572da3b735e6c4d",
    "bunVersion": "1.3.14",
    "typescriptVersion": "Version 5.9.3",
    "exitStatus": 2,
    "totalDiagnosticCount": 10,
    "includedFileCount": 408,
    "includedFilesSample": [
      "node_modules/typescript/lib/lib.es5.d.ts",
      "node_modules/typescript/lib/lib.es2015.d.ts",
      "node_modules/typescript/lib/lib.es2016.d.ts",
      "node_modules/typescript/lib/lib.es2017.d.ts",
      "node_modules/typescript/lib/lib.es2018.d.ts"
    ],
    "artifactPath": "review-artifacts/phase2/typescript-qa-current.log",
    "diagnostics": [
      {
        "file": "scripts/phase2/run-accessibility-qa.ts",
        "line": 1452,
        "code": "TS2339",
        "message": "Property 'finalResult' does not exist on type 'never'."
      },
      {
        "file": "scripts/phase2/run-accessibility-qa.ts",
        "line": 1454,
        "code": "TS2339",
        "message": "Property 'finalResult' does not exist on type 'never'."
      },
      {
        "file": "scripts/phase2/run-accessibility-qa.ts",
        "line": 1455,
        "code": "TS2339",
        "message": "Property 'finalResult' does not exist on type 'never'."
      },
      {
        "file": "scripts/phase2/run-accessibility-qa.ts",
        "line": 1456,
        "code": "TS2339",
        "message": "Property 'finalResult' does not exist on type 'never'."
      },
      {
        "file": "scripts/phase2/run-accessibility-qa.ts",
        "line": 1460,
        "code": "TS2339",
        "message": "Property 'defectsFound' does not exist on type 'never'."
      },
      {
        "file": "scripts/phase2/run-accessibility-qa.ts",
        "line": 1460,
        "code": "TS2339",
        "message": "Property 'defectsFound' does not exist on type 'never'."
      },
      {
        "file": "scripts/phase2/run-accessibility-qa.ts",
        "line": 1462,
        "code": "TS2339",
        "message": "Property 'fixesApplied' does not exist on type 'never'."
      },
      {
        "file": "scripts/phase2/run-accessibility-qa.ts",
        "line": 1462,
        "code": "TS2339",
        "message": "Property 'fixesApplied' does not exist on type 'never'."
      },
      {
        "file": "scripts/phase2/run-accessibility-qa.ts",
        "line": 1465,
        "code": "TS2339",
        "message": "Property 'executedAt' does not exist on type 'never'."
      },
      {
        "file": "scripts/phase2/run-accessibility-qa.ts",
        "line": 1465,
        "code": "TS2339",
        "message": "Property 'routesAndStatesChecked' does not exist on type 'never'."
      }
    ]
  },
  "phase2ModifiedTestFileDiagnostics": {
    "src/browser-journey/assessment.browserJourney.test.ts": {
      "count": 0,
      "messages": []
    },
    "src/lib/assessment/assessmentJourney.test.ts": {
      "count": 0,
      "messages": []
    },
    "src/lib/analytics/analyticsLockedContractComparison.test.ts": {
      "count": 0,
      "messages": []
    },
    "src/server/assessment/assessmentJourneyPipeline.test.ts": {
      "count": 0,
      "messages": []
    },
    "src/server/phase2SafeQaHarness.test.ts": {
      "count": 0,
      "messages": []
    },
    "src/components/CustomerLifecycleDiagram.test.ts": {
      "count": 0,
      "messages": []
    }
  },
  "acceptance": {
    "productionConfigExecutes": true,
    "testConfigExecutes": true,
    "qaConfigExecutes": false,
    "phase2QaScriptsZero": false,
    "phase2BrowserJourneyTestZero": true,
    "allListedPhase2TestFilesZero": true
  }
}
{
  "production": {
    "baseline": 100,
    "current": 90
  },
  "test": {
    "baseline": 84,
    "current": 84
  },
  "qa": {
    "baseline": "N/A",
    "current": 10
  },
  "introduced": 4,
  "phase2Introduced": 0,
  "phase2InventoryFiles": 109
}
{
  "prod": {
    "baseline": 100,
    "removed": 11,
    "introduced": 1,
    "current": 90,
    "formula": "100 - 11 + 1 = 90",
    "matchesCurrent": true,
    "removedDiagnostics": [
      {
        "file": "src/routes/about.tsx",
        "line": 4,
        "column": 3,
        "code": "TS6133",
        "message": "'VoiceWaveIcon' is declared but its value is never read.",
        "key": "src/routes/about.tsx:4:3:TS6133:'VoiceWaveIcon' is declared but its value is never read."
      },
      {
        "file": "src/routes/about.tsx",
        "line": 5,
        "column": 3,
        "code": "TS6133",
        "message": "'PhoneRingIcon' is declared but its value is never read.",
        "key": "src/routes/about.tsx:5:3:TS6133:'PhoneRingIcon' is declared but its value is never read."
      },
      {
        "file": "src/routes/index.tsx",
        "line": 3,
        "column": 3,
        "code": "TS6133",
        "message": "'PlumbingIcon' is declared but its value is never read.",
        "key": "src/routes/index.tsx:3:3:TS6133:'PlumbingIcon' is declared but its value is never read."
      },
      {
        "file": "src/routes/index.tsx",
        "line": 4,
        "column": 3,
        "code": "TS6133",
        "message": "'HVACIcon' is declared but its value is never read.",
        "key": "src/routes/index.tsx:4:3:TS6133:'HVACIcon' is declared but its value is never read."
      },
      {
        "file": "src/routes/index.tsx",
        "line": 5,
        "column": 3,
        "code": "TS6133",
        "message": "'ElectricalIcon' is declared but its value is never read.",
        "key": "src/routes/index.tsx:5:3:TS6133:'ElectricalIcon' is declared but its value is never read."
      },
      {
        "file": "src/routes/index.tsx",
        "line": 6,
        "column": 3,
        "code": "TS6133",
        "message": "'PestControlIcon' is declared but its value is never read.",
        "key": "src/routes/index.tsx:6:3:TS6133:'PestControlIcon' is declared but its value is never read."
      },
      {
        "file": "src/routes/index.tsx",
        "line": 7,
        "column": 3,
        "code": "TS6133",
        "message": "'RoofingIcon' is declared but its value is never read.",
        "key": "src/routes/index.tsx:7:3:TS6133:'RoofingIcon' is declared but its value is never read."
      },
      {
        "file": "src/routes/index.tsx",
        "line": 8,
        "column": 3,
        "code": "TS6133",
        "message": "'PoolIcon' is declared but its value is never read.",
        "key": "src/routes/index.tsx:8:3:TS6133:'PoolIcon' is declared but its value is never read."
      },
      {
        "file": "src/routes/index.tsx",
        "line": 9,
        "column": 3,
        "code": "TS6133",
        "message": "'LawnIcon' is declared but its value is never read.",
        "key": "src/routes/index.tsx:9:3:TS6133:'LawnIcon' is declared but its value is never read."
      },
      {
        "file": "src/routes/index.tsx",
        "line": 11,
        "column": 3,
        "code": "TS6133",
        "message": "'VoiceWaveIcon' is declared but its value is never read.",
        "key": "src/routes/index.tsx:11:3:TS6133:'VoiceWaveIcon' is declared but its value is never read."
      },
      {
        "file": "src/server/speed2Lead/agent/scheduling/state.ts",
        "line": 91,
        "column": 5,
        "code": "TS2322",
        "message": "Type 'import(\"/workspace/.phase2-ts-baseline-worktree/src/server/speed2Lead/agent/scheduling/types\").AvailabilityPreference | undefined' is not assignable to type 'import(\"/workspace/.phase2-ts-baseline-worktree/src/server/speed2Lead/sessionMemoryTypes\").AvailabilityPreference | undefined'.",
        "key": "src/server/speed2Lead/agent/scheduling/state.ts:91:5:TS2322:Type 'import(\"/workspace/.phase2-ts-baseline-worktree/src/server/speed2Lead/agent/scheduling/types\").AvailabilityPreference | undefined' is not assignable to type 'import(\"/workspace/.phase2-ts-baseline-worktree/src/server/speed2Lead/sessionMemoryTypes\").AvailabilityPreference | undefined'."
      }
    ],
    "introducedDiagnostics": [
      {
        "file": "src/server/speed2Lead/agent/scheduling/state.ts",
        "line": 91,
        "column": 5,
        "code": "TS2322",
        "message": "Type 'import(\"/workspace/src/server/speed2Lead/agent/scheduling/types\").AvailabilityPreference | undefined' is not assignable to type 'import(\"/workspace/src/server/speed2Lead/sessionMemoryTypes\").AvailabilityPreference | undefined'.",
        "key": "src/server/speed2Lead/agent/scheduling/state.ts:91:5:TS2322:Type 'import(\"/workspace/src/server/speed2Lead/agent/scheduling/types\").AvailabilityPreference | undefined' is not assignable to type 'import(\"/workspace/src/server/speed2Lead/sessionMemoryTypes\").AvailabilityPreference | undefined'."
      }
    ],
    "diff94vs90": {
      "explanation": "94 was pre-tsconfig-fix production scope including 4 test-file diagnostics",
      "diagnosticsOnlyIn94": [
        {
          "file": "src/components/CustomerLifecycleDiagram.test.tsx",
          "line": 1,
          "column": 40,
          "code": "TS2307",
          "message": "Cannot find module 'bun:test' or its corresponding type declarations.",
          "key": "src/components/CustomerLifecycleDiagram.test.tsx:1:40:TS2307:Cannot find module 'bun:test' or its corresponding type declarations."
        },
        {
          "file": "src/components/CustomerLifecycleDiagram.test.tsx",
          "line": 12,
          "column": 36,
          "code": "TS2339",
          "message": "Property 'dir' does not exist on type 'ImportMeta'.",
          "key": "src/components/CustomerLifecycleDiagram.test.tsx:12:36:TS2339:Property 'dir' does not exist on type 'ImportMeta'."
        },
        {
          "file": "src/server/speed2Lead/testSupport/integrationMocks.ts",
          "line": 1,
          "column": 34,
          "code": "TS2307",
          "message": "Cannot find module 'bun:test' or its corresponding type declarations.",
          "key": "src/server/speed2Lead/testSupport/integrationMocks.ts:1:34:TS2307:Cannot find module 'bun:test' or its corresponding type declarations."
        },
        {
          "file": "src/server/speed2Lead/testSupport/offlineSuitePreload.ts",
          "line": 9,
          "column": 28,
          "code": "TS2307",
          "message": "Cannot find module 'bun:test' or its corresponding type declarations.",
          "key": "src/server/speed2Lead/testSupport/offlineSuitePreload.ts:9:28:TS2307:Cannot find module 'bun:test' or its corresponding type declarations."
        }
      ]
    }
  },
  "test": {
    "baseline": 84,
    "removed": 3,
    "introduced": 3,
    "current": 84,
    "formula": "84 - 3 + 3 = 84",
    "spurious90Explanation": "90 was reported when test config omitted .test.tsx includes; corrected comparable count is 84."
  }
}
{
  "totalUniqueIds": 78,
  "totalRows": 78,
  "passing": 78,
  "failing": 0,
  "skipped": 0,
  "timedOut": 0,
  "duplicateIds": [],
  "malformedIds": [],
  "includesXJrnDom15Through22": [
    "X-JRN-DOM-15",
    "X-JRN-DOM-16",
    "X-JRN-DOM-17",
    "X-JRN-DOM-18",
    "X-JRN-DOM-19",
    "X-JRN-DOM-20",
    "X-JRN-DOM-21",
    "X-JRN-DOM-22"
  ],
  "dom15to22Count": 8,
  "previouslyReported70Explanation": "The prior additional-tests-table.json was a hand-maintained generator with 70 rows. It included X-JRN-DOM-01–14 only (not 15–22), synthetic X-BND rows without exact executable names, and X-AN-CMP rows with event suffixes. Mechanical extraction from executable tests yields a different but authoritative count.",
  "allOutsideApproved162": true,
  "reconciliation": {
    "priorReportedCount": 70,
    "mechanicalTotal": 78,
    "mechanicalUniqueIds": 78,
    "deltaFrom70": 8,
    "deltaExplanation": "+8: primarily X-JRN-DOM-15–22 (+8) and fully enumerated X-BND/X-AN-CMP rows vs abbreviated prior generator."
  }
}
{
  "previousCountingMethod": "Hand-maintained generate-additional-tests-table.ts array: one row per known test ID with abbreviated executable names; X-JRN-DOM-01–14 only; X-BND-06–14 as range; X-AN-CMP as 8 event-polarity rows + CMP-05/06",
  "correctCountingMethod": "Mechanical extraction from executable test() names and dynamic X-BND/X-AN-CMP enumeration in generate-x-test-inventory.ts",
  "previousMechanicallyValidUniqueIds": 70,
  "newlyAddedUniqueIds": [
    "X-JRN-DOM-15",
    "X-JRN-DOM-16",
    "X-JRN-DOM-17",
    "X-JRN-DOM-18",
    "X-JRN-DOM-19",
    "X-JRN-DOM-20",
    "X-JRN-DOM-21",
    "X-JRN-DOM-22"
  ],
  "newlyAddedCount": 8,
  "itemizationDelta": {
    "xBndHandCount": 9,
    "xBndMechanicalCount": 9,
    "xBndDelta": 0,
    "xAnCmpHandCount": 10,
    "xAnCmpMechanicalCount": 10,
    "xAnCmpDelta": 0,
    "explanation": "X-BND and X-AN-CMP itemization changed presentation only; unique ID counts unchanged."
  },
  "idsInMechanicalNotHand": [
    "X-JRN-DOM-15",
    "X-JRN-DOM-16",
    "X-JRN-DOM-17",
    "X-JRN-DOM-18",
    "X-JRN-DOM-19",
    "X-JRN-DOM-20",
    "X-JRN-DOM-21",
    "X-JRN-DOM-22"
  ],
  "idsInHandNotMechanical": [],
  "formula": "70 + 8 + 0 - 0 = 78",
  "arithmeticCheck": true,
  "currentMechanicalUniqueIds": 78,
  "xJrnDom15Through22Included": true,
  "allOutsideApproved162": true
}
{
  "finalExecutableSha": "d54286ec9f875d7627c3a027bf7407664389f4e6",
  "range2Files": 32
}
{
  "X-SAFE-QA-04A": {
    "command": "bun test src/server/phase2SafeQaHarness.test.ts -t X-SAFE-QA-04A",
    "assertions": {
      "PHASE2_SAFE_QA_HARNESS was unset": "YES",
      "Provider credentials were absent": "YES",
      "Missing credentials did not activate the harness": "YES",
      "No mock route became available": "YES",
      "No fake lead sink became available": "YES",
      "No fixture-provider path became available": "YES"
    },
    "evidenceRef": "src/server/phase2SafeQaHarness.test.ts"
  },
  "X-SAFE-QA-04B": {
    "command": "NODE_ENV=production PHASE2_SAFE_QA_HARNESS=1 bun run build (sanitized credentials absent); then NODE_ENV=production bun run build without harness flag",
    "assertions": {
      "A real production-mode build/test was executed with PHASE2_SAFE_QA_HARNESS=1": "YES",
      "The harness remained unavailable": "YES",
      "No test-only route was registered": "YES",
      "No fixture-mode switch appeared in the client bundle": "YES",
      "No fake provider or fixture data became reachable": "YES",
      "Visitor-controlled input could not activate it": "YES",
      "No external provider or persistent store was contacted": "YES"
    },
    "evidenceRef": "review-artifacts/phase2/safe-qa-harness-isolation-results.json#X-SAFE-QA-04B"
  },
  "approvedDesign": "Production mode builds successfully while ignoring PHASE2_SAFE_QA_HARNESS (fail-closed rejection is not required).",
  "harnessBuild": {
    "command": "NODE_ENV=production PHASE2_SAFE_QA_HARNESS=1 bun run build",
    "environmentVariablesSupplied": [
      "NODE_ENV=production",
      "PHASE2_SAFE_QA_HARNESS=1",
      "production/provider credentials explicitly absent"
    ],
    "exitStatus": 0,
    "sanitizedOutputTail": "dist/server/assets/reportCopy-CGIeraPR.js                        6.22 kB\ndist/server/assets/submitContactLead-BvCS-QOk.js                 6.39 kB\ndist/server/assets/rollout-Dmyis1f3.js                           6.43 kB\ndist/server/assets/generateRoiPdfHandler.server-UVwMkmWY.js      6.85 kB\ndist/server/assets/openers-CwCKL_d2.js                           7.20 kB\ndist/server/assets/terms-DK4whqjQ.js                             7.33 kB\ndist/server/assets/computeRoi-C5yp5uXH.js                        8.52 kB\ndist/server/assets/google-calendar--QYQh2JA.js                   8.58 kB\ndist/server/assets/formatReportMeta-_-8D6fdh.js                  8.70 kB\ndist/server/assets/what-we-do-5BxgO05Y.js                       10.11 kB\ndist/server/assets/privacy-B6VF8a-S.js                          10.16 kB\ndist/server/assets/submitAssessmentLead.server-D6VtHzQU.js      13.09 kB\ndist/server/assets/contact-B_Qu9n5z.js                          16.44 kB\ndist/server/assets/serveAssessmentTokenPdf.server-uhc7bgVk.js   17.99 kB\ndist/server/assets/selectModerateScenario-BDikNrtZ.js           18.59 kB\ndist/server/assets/index-3wdsMgd8.js                            22.62 kB\ndist/server/assets/RoiReport-CI9FS7Vu.js                        27.42 kB\ndist/server/assets/roi-calculator-D661F6XH.js                   32.09 kB\ndist/server/assets/greetingName-rL0HyI22.js                     36.68 kB\ndist/server/assets/assessment-BBHzttVE.js                       37.32 kB\ndist/server/assets/demo-BSmEiiN1.js                             45.17 kB\ndist/server/assets/openerEpisode-Xxg_2F_i.js                    58.13 kB\ndist/server/server.js                                           67.02 kB\ndist/server/assets/router-D84IGsxa.js                          357.06 kB\n7:36:21 PM [vite] ⬥ Netlify ✓ Wrote SSR entry point to .netlify/v1/functions/server.mjs\n\n✓ built in 1.21s\n$ vite build\n\"createRequestHandler\", \"defineHandlerCallback\", \"transformPipeableStreamWithRouter\" and \"transformReadableStreamWithRouter\" are imported from external module \"@tanstack/router-core/ssr/server\" but never used in \"node_modules/@tanstack/start-server-core/dist/esm/index.js\".\n\"RawStream\" is imported from external module \"@tanstack/router-core\" but never used in \"node_modules/@tanstack/start-client-core/dist/esm/index.js\".\n\"hydrate\" and \"json\" are imported from external module \"@tanstack/router-core/ssr/client\" but never used in \"node_modules/@tanstack/start-client-core/dist/esm/index.js\".\nExport \"resolveGoogleCalendarId\" of module \"src/server/appointmentLifecycle/googleCalendarAuth.ts\" was reexported through module \"src/server/appointmentLifecycle/config.ts\" while both modules are dependencies of each other and will end up in different chunks by current Rollup settings. This scenario is not well supported at the moment as it will produce a circular dependency between chunks and will likely lead to broken execution order.\nEither change the import in \"src/server/appointmentLifecycle/calendarOAuthSmoke.ts\" to point directly to the exporting module or reconfigure \"output.manualChunks\" to ensure these modules end up in the same chunk.\n[plugin vite:reporter] \n(!) /workspace/src/server/appointmentLifecycle/googleOAuthFlow.ts is dynamically imported by /workspace/src/server/appointmentLifecycle/googleOAuthHandlers.ts, /workspace/src/server/appointmentLifecycle/googleOAuthHandlers.ts but also statically imported by /workspace/src/server/appointmentLifecycle/googleCalendarAuth.ts, dynamic import will not move module into another chunk.\n\n[plugin vite:reporter] \n(!) /workspace/src/server/appointmentLifecycle/calendarBookingSmoke.ts is dynamically imported by /workspace/src/server/appointmentLifecycle/googleOAuthHandlers.ts but also statically imported by /workspace/src/routes/api/cron/calendar-booking-smoke.ts, /workspace/src/server/appointmentLifecycle/calendarCapabilitySmoke.ts, dynamic import will not move module into another chunk.\n\n",
    "distProduced": true,
    "inspectedBundleInventory": {
      "prefix": "harness-flag",
      "distMissing": false,
      "buildCompletedAtIso": "2026-09-15T19:36:21.428Z",
      "files": [
        {
          "path": "dist/client/assets/contact-DG1pcz8K.js",
          "sizeBytes": 10693,
          "modifiedAtMs": 1789500980157.2537,
          "modifiedAtIso": "2026-09-15T19:36:20.157Z",
          "sha256": "0a880cb04c155effb038f774cfbf364f1698489f0da91b0bf3c821ac15d9e023"
        },
        {
          "path": "dist/client/assets/reportCopy-WXJagmA8.js",
          "sizeBytes": 4456,
          "modifiedAtMs": 1789500980157.2537,
          "modifiedAtIso": "2026-09-15T19:36:20.157Z",
          "sha256": "0f5d9516818f0bca81d4b076122c783deb19b98b0bd3037d8313b5afb13b730a"
        },
        {
          "path": "dist/client/assets/computeRoi-BjZ_zNle.js",
          "sizeBytes": 3779,
          "modifiedAtMs": 1789500980157.2537,
          "modifiedAtIso": "2026-09-15T19:36:20.157Z",
          "sha256": "4b67fc35cf64bc7fecd26d0be2aff43b6f2815d55fe6f4d738af6863ff8bfa81"
        },
        {
          "path": "dist/client/assets/CustomerLifecycleDiagram-CTNaLGOL.js",
          "sizeBytes": 2228,
          "modifiedAtMs": 1789500980157.2537,
          "modifiedAtIso": "2026-09-15T19:36:20.157Z",
          "sha256": "b18b0ad012769f69ec3554b7434e5b8d47d5852faf80da2b8fa1eb0792dde770"
        },
        {
          "path": "dist/client/assets/validateLead-BnUvyc_Q.js",
          "sizeBytes": 1177,
          "modifiedAtMs": 1789500980157.2537,
          "modifiedAtIso": "2026-09-15T19:36:20.157Z",
          "sha256": "34ad9c543ef6959f9d579be07441e283c503f08419a84ce29cabb751798bc232"
        },
        {
          "path": "dist/client/assets/index-Ce3fc6FU.js",
          "sizeBytes": 18439,
          "modifiedAtMs": 1789500980157.2537,
          "modifiedAtIso": "2026-09-15T19:36:20.157Z",
          "sha256": "838264260936265d82474ace5d44841739bbfae0f52171bdbd84b762ace9a991"
        },
        {
          "path": "dist/client/assets/GoogleCalendarEmbed-p4GzzO5j.js",
          "sizeBytes": 252,
          "modifiedAtMs": 1789500980157.2537,
          "modifiedAtIso": "2026-09-15T19:36:20.157Z",
          "sha256": "d69781fa93ab485d5697127955a661c38a004f3a90ddb0ea81a81f1feb8d0e30"
        },
        {
          "path": "dist/client/assets/google-calendar-DbmGgBs7.js",
          "sizeBytes": 5029,
          "modifiedAtMs": 1789500980157.2537,
          "modifiedAtIso": "2026-09-15T19:36:20.157Z",
          "sha256": "045182ab052d18ce460f97d3488ded4180aac94cbea16396e95aa325ac7b1b7d"
        },
        {
          "path": "dist/client/assets/vapi-B1W6v3pK.js",
          "sizeBytes": 302128,
          "modifiedAtMs": 1789500980157.2537,
          "modifiedAtIso": "2026-09-15T19:36:20.157Z",
          "sha256": "9812e02bccdfc36769eed64fd090ec640ffcb5b03534030676f18406a773e6a5"
        },
        {
          "path": "dist/client/assets/Card-Cq-SlSJp.js",
          "sizeBytes": 697,
          "modifiedAtMs": 1789500980157.2537,
          "modifiedAtIso": "2026-09-15T19:36:20.157Z",
          "sha256": "8b6bffa665e599b644ec9a22bfb6dfe6b3ad412288e6a97218e4884d247f62c2"
        },
        {
          "path": "dist/client/assets/terms-B-eZJnYO.js",
          "sizeBytes": 5368,
          "modifiedAtMs": 1789500980157.2537,
          "modifiedAtIso": "2026-09-15T19:36:20.157Z",
          "sha256": "afc62517707f1f5bb5c8b438b24091a9ceda4437e220f1e4f7bfddf6575dd48e"
        },
        {
          "path": "dist/client/assets/createServerFn-9TqWYEdF.js",
          "sizeBytes": 4367,
          "modifiedAtMs": 1789500980157.2537,
          "modifiedAtIso": "2026-09-15T19:36:20.157Z",
          "sha256": "53262905ebee263470736cd8b1c3130a1be82e7990c4b9608bfe8d13ecab94ac"
        },
        {
          "path": "dist/client/assets/index-CnH2Zbl7.js",
          "sizeBytes": 335595,
          "modifiedAtMs": 1789500980157.2537,
          "modifiedAtIso": "2026-09-15T19:36:20.157Z",
          "sha256": "2b059bada7a7cccb9c337db46c8caf8e2d6ec11b4f65ef3ae6de14ccb6916696"
        },
        {
          "path": "dist/client/assets/about-CKDdmHBk.js",
          "sizeBytes": 4054,
          "modifiedAtMs": 1789500980157.2537,
          "modifiedAtIso": "2026-09-15T19:36:20.157Z",
          "sha256": "bd73e77c8e7a69cf22fdc3e6419c71c1b159caffb04f779feb63f346cc2e2ff5"
        },
        {
          "path": "dist/client/assets/report-preview-BI2gn7Ec.js",
          "sizeBytes": 17015,
          "modifiedAtMs": 1789500980157.2537,
          "modifiedAtIso": "2026-09-15T19:36:20.157Z",
          "sha256": "3663a3575aacef618a4d0f0f007183b3e1c6ff81efdcbeb2f7e9ebcdf1a45ccd"
        },
        {
          "path": "dist/client/assets/how-we-work-iTP2hqpQ.js",
          "sizeBytes": 4997,
          "modifiedAtMs": 1789500980157.2537,
          "modifiedAtIso": "2026-09-15T19:36:20.157Z",
          "sha256": "6eea78f534b9af7e705db0c719690ecad43bd95f65249291cf845d344d54c738"
        },
        {
          "path": "dist/client/assets/assessment-CZ70kHZy.js",
          "sizeBytes": 28964,
          "modifiedAtMs": 1789500980157.2537,
          "modifiedAtIso": "2026-09-15T19:36:20.157Z",
          "sha256": "39ab935a8c8c1f6e57f1f7986b87706de6a8f117d3e62db53c5fdc31779c56eb"
        },
        {
          "path": "dist/client/assets/privacy-CBNcO0f-.js",
          "sizeBytes": 7346,
          "modifiedAtMs": 1789500980157.2537,
          "modifiedAtIso": "2026-09-15T19:36:20.157Z",
          "sha256": "6f2d5ff86ffa2e2b940f0b1e39b73a64adc59264ac227b7bc4f541964dff102b"
        },
        {
          "path": "dist/client/assets/demo-B6eYOg9w.js",
          "sizeBytes": 29738,
          "modifiedAtMs": 1789500980157.2537,
          "modifiedAtIso": "2026-09-15T19:36:20.157Z",
          "sha256": "c67d55d29ebefc649900ef21d535536779e326d6ff5f28e847a5e177702848d7"
        },
        {
          "path": "dist/client/assets/roiModel-CAk7pXlG.js",
          "sizeBytes": 1096,
          "modifiedAtMs": 1789500980157.2537,
          "modifiedAtIso": "2026-09-15T19:36:20.157Z",
          "sha256": "dc80206b8945ac6c99573fcfeafdf6b78eff5d1fede33f0dec347c08e7552817"
        },
        {
          "path": "dist/client/assets/features-PEhsqtiJ.js",
          "sizeBytes": 525,
          "modifiedAtMs": 1789500980157.2537,
          "modifiedAtIso": "2026-09-15T19:36:20.157Z",
          "sha256": "43b07866c6073e0b66aa26c9cf49f3b9d6ea82fd45bce624842c6b43c690c180"
        },
        {
          "path": "dist/client/assets/roi-calculator-CXBADY75.js",
          "sizeBytes": 16859,
          "modifiedAtMs": 1789500980157.2537,
          "modifiedAtIso": "2026-09-15T19:36:20.157Z",
          "sha256": "de1965eac37cf4d01244130be0691c2b1fe6ef8f181df3624453ba34e1f47947"
        },
        {
          "path": "dist/client/assets/callVolume-UDXRJ3RD.js",
          "sizeBytes": 480,
          "modifiedAtMs": 1789500980157.2537,
          "modifiedAtIso": "2026-09-15T19:36:20.157Z",
          "sha256": "d93b8e40c8be8f784fc60073b71f0cbe9e3d87b6bee219a51fcd32a5e271c633"
        },
        {
          "path": "dist/client/assets/what-we-do-DJD8nVLo.js",
          "sizeBytes": 8502,
          "modifiedAtMs": 1789500980157.2537,
          "modifiedAtIso": "2026-09-15T19:36:20.157Z",
          "sha256": "21bbbc5127500c57e0b16476ae7e4c960cfdb52a1c839937638d3177072bbc18"
        },
        {
          "path": "dist/client/assets/book-CK-OdLGk.js",
          "sizeBytes": 1357,
          "modifiedAtMs": 1789500980157.2537,
          "modifiedAtIso": "2026-09-15T19:36:20.157Z",
          "sha256": "fd9daddaaa5d4101f51fd26393bd6e4f0e74b808e74c2f6810063d596f65da67"
        },
        {
          "path": "dist/client/assets/LegalDocumentPage-CFXvdN4_.js",
          "sizeBytes": 2381,
          "modifiedAtMs": 1789500980157.2537,
          "modifiedAtIso": "2026-09-15T19:36:20.157Z",
          "sha256": "f1c5ce9d6c4e19f8c61dfcf74631fd38e3588a33affea80a154eebf2978bda83"
        },
        {
          "path": "dist/client/assets/northstar-9QGI1zL5.js",
          "sizeBytes": 7136,
          "modifiedAtMs": 1789500980157.2537,
          "modifiedAtIso": "2026-09-15T19:36:20.157Z",
          "sha256": "1967b24034568774ca3ada34b6e1768a7df5a6600a71bee7c5fa8a1b294866bc"
        },
        {
          "path": "dist/client/assets/formatCurrency-98B0Aq0f.js",
          "sizeBytes": 148,
          "modifiedAtMs": 1789500980157.2537,
          "modifiedAtIso": "2026-09-15T19:36:20.157Z",
          "sha256": "c45c3a3e622ccaa499bdd695d8da949a90a1671d20a5dd1244c94f4bcbece326"
        },
        {
          "path": "dist/server/server.js",
          "sizeBytes": 67015,
          "modifiedAtMs": 1789500981373.2546,
          "modifiedAtIso": "2026-09-15T19:36:21.373Z",
          "sha256": "a18589ce6c3438cbcd770c516f85bad429e28309f7339a20db0cfca388c736af"
        }
      ]
    },
    "note": "Bundle timestamps and sha256 hashes below were captured from dist/ immediately after the harness-flag build, before dist/ was deleted for the clean build.",
    "clientBundleSearch": [],
    "serverBundleSearch": [],
    "harnessRouteMatches": [],
    "fixtureDataBundled": false
  },
  "cleanProductionBuild": {
    "command": "NODE_ENV=production bun run build (PHASE2_SAFE_QA_HARNESS absent)",
    "exitStatus": 0,
    "sanitizedOutputTail": "dist/server/assets/demo-DjQui2Rb.js                             45.17 kB\ndist/server/assets/openerEpisode-Xxg_2F_i.js                    58.13 kB\ndist/server/server.js                                           67.02 kB\ndist/server/assets/router-CCaT3eqK.js                          357.06 kB\n7:36:25 PM [vite] ⬥ Netlify ✓ Wrote SSR entry point to .netlify/v1/functions/server.mjs\n\n✓ built in 1.23s\n$ vite build\n\"createRequestHandler\", \"defineHandlerCallback\", \"transformPipeableStreamWithRouter\" and \"transformReadableStreamWithRouter\" are imported from external module \"@tanstack/router-core/ssr/server\" but never used in \"node_modules/@tanstack/start-server-core/dist/esm/index.js\".\n\"RawStream\" is imported from external module \"@tanstack/router-core\" but never used in \"node_modules/@tanstack/start-client-core/dist/esm/index.js\".\n\"hydrate\" and \"json\" are imported from external module \"@tanstack/router-core/ssr/client\" but never used in \"node_modules/@tanstack/start-client-core/dist/esm/index.js\".\nExport \"resolveGoogleCalendarId\" of module \"src/server/appointmentLifecycle/googleCalendarAuth.ts\" was reexported through module \"src/server/appointmentLifecycle/config.ts\" while both modules are dependencies of each other and will end up in different chunks by current Rollup settings. This scenario is not well supported at the moment as it will produce a circular dependency between chunks and will likely lead to broken execution order.\nEither change the import in \"src/server/appointmentLifecycle/calendarOAuthSmoke.ts\" to point directly to the exporting module or reconfigure \"output.manualChunks\" to ensure these modules end up in the same chunk.\n[plugin vite:reporter] \n(!) /workspace/src/server/appointmentLifecycle/googleOAuthFlow.ts is dynamically imported by /workspace/src/server/appointmentLifecycle/googleOAuthHandlers.ts, /workspace/src/server/appointmentLifecycle/googleOAuthHandlers.ts but also statically imported by /workspace/src/server/appointmentLifecycle/googleCalendarAuth.ts, dynamic import will not move module into another chunk.\n\n[plugin vite:reporter] \n(!) /workspace/src/server/appointmentLifecycle/calendarBookingSmoke.ts is dynamically imported by /workspace/src/server/appointmentLifecycle/googleOAuthHandlers.ts but also statically imported by /workspace/src/routes/api/cron/calendar-booking-smoke.ts, /workspace/src/server/appointmentLifecycle/calendarCapabilitySmoke.ts, dynamic import will not move module into another chunk.\n\n",
    "inspectedBundleInventory": {
      "prefix": "clean",
      "distMissing": false,
      "buildCompletedAtIso": "2026-09-15T19:36:25.779Z",
      "files": [
        {
          "path": "dist/client/assets/contact-DG1pcz8K.js",
          "sizeBytes": 10693,
          "modifiedAtMs": 1789500984481.2573,
          "modifiedAtIso": "2026-09-15T19:36:24.481Z",
          "sha256": "0a880cb04c155effb038f774cfbf364f1698489f0da91b0bf3c821ac15d9e023"
        },
        {
          "path": "dist/client/assets/reportCopy-WXJagmA8.js",
          "sizeBytes": 4456,
          "modifiedAtMs": 1789500984481.2573,
          "modifiedAtIso": "2026-09-15T19:36:24.481Z",
          "sha256": "0f5d9516818f0bca81d4b076122c783deb19b98b0bd3037d8313b5afb13b730a"
        },
        {
          "path": "dist/client/assets/computeRoi-BjZ_zNle.js",
          "sizeBytes": 3779,
          "modifiedAtMs": 1789500984481.2573,
          "modifiedAtIso": "2026-09-15T19:36:24.481Z",
          "sha256": "4b67fc35cf64bc7fecd26d0be2aff43b6f2815d55fe6f4d738af6863ff8bfa81"
        },
        {
          "path": "dist/client/assets/CustomerLifecycleDiagram-CTNaLGOL.js",
          "sizeBytes": 2228,
          "modifiedAtMs": 1789500984481.2573,
          "modifiedAtIso": "2026-09-15T19:36:24.481Z",
          "sha256": "b18b0ad012769f69ec3554b7434e5b8d47d5852faf80da2b8fa1eb0792dde770"
        },
        {
          "path": "dist/client/assets/validateLead-BnUvyc_Q.js",
          "sizeBytes": 1177,
          "modifiedAtMs": 1789500984481.2573,
          "modifiedAtIso": "2026-09-15T19:36:24.481Z",
          "sha256": "34ad9c543ef6959f9d579be07441e283c503f08419a84ce29cabb751798bc232"
        },
        {
          "path": "dist/client/assets/index-Ce3fc6FU.js",
          "sizeBytes": 18439,
          "modifiedAtMs": 1789500984481.2573,
          "modifiedAtIso": "2026-09-15T19:36:24.481Z",
          "sha256": "838264260936265d82474ace5d44841739bbfae0f52171bdbd84b762ace9a991"
        },
        {
          "path": "dist/client/assets/GoogleCalendarEmbed-p4GzzO5j.js",
          "sizeBytes": 252,
          "modifiedAtMs": 1789500984481.2573,
          "modifiedAtIso": "2026-09-15T19:36:24.481Z",
          "sha256": "d69781fa93ab485d5697127955a661c38a004f3a90ddb0ea81a81f1feb8d0e30"
        },
        {
          "path": "dist/client/assets/google-calendar-DbmGgBs7.js",
          "sizeBytes": 5029,
          "modifiedAtMs": 1789500984481.2573,
          "modifiedAtIso": "2026-09-15T19:36:24.481Z",
          "sha256": "045182ab052d18ce460f97d3488ded4180aac94cbea16396e95aa325ac7b1b7d"
        },
        {
          "path": "dist/client/assets/vapi-B1W6v3pK.js",
          "sizeBytes": 302128,
          "modifiedAtMs": 1789500984481.2573,
          "modifiedAtIso": "2026-09-15T19:36:24.481Z",
          "sha256": "9812e02bccdfc36769eed64fd090ec640ffcb5b03534030676f18406a773e6a5"
        },
        {
          "path": "dist/client/assets/Card-Cq-SlSJp.js",
          "sizeBytes": 697,
          "modifiedAtMs": 1789500984481.2573,
          "modifiedAtIso": "2026-09-15T19:36:24.481Z",
          "sha256": "8b6bffa665e599b644ec9a22bfb6dfe6b3ad412288e6a97218e4884d247f62c2"
        },
        {
          "path": "dist/client/assets/terms-B-eZJnYO.js",
          "sizeBytes": 5368,
          "modifiedAtMs": 1789500984481.2573,
          "modifiedAtIso": "2026-09-15T19:36:24.481Z",
          "sha256": "afc62517707f1f5bb5c8b438b24091a9ceda4437e220f1e4f7bfddf6575dd48e"
        },
        {
          "path": "dist/client/assets/createServerFn-9TqWYEdF.js",
          "sizeBytes": 4367,
          "modifiedAtMs": 1789500984481.2573,
          "modifiedAtIso": "2026-09-15T19:36:24.481Z",
          "sha256": "53262905ebee263470736cd8b1c3130a1be82e7990c4b9608bfe8d13ecab94ac"
        },
        {
          "path": "dist/client/assets/index-CnH2Zbl7.js",
          "sizeBytes": 335595,
          "modifiedAtMs": 1789500984481.2573,
          "modifiedAtIso": "2026-09-15T19:36:24.481Z",
          "sha256": "2b059bada7a7cccb9c337db46c8caf8e2d6ec11b4f65ef3ae6de14ccb6916696"
        },
        {
          "path": "dist/client/assets/about-CKDdmHBk.js",
          "sizeBytes": 4054,
          "modifiedAtMs": 1789500984481.2573,
          "modifiedAtIso": "2026-09-15T19:36:24.481Z",
          "sha256": "bd73e77c8e7a69cf22fdc3e6419c71c1b159caffb04f779feb63f346cc2e2ff5"
        },
        {
          "path": "dist/client/assets/report-preview-BI2gn7Ec.js",
          "sizeBytes": 17015,
          "modifiedAtMs": 1789500984481.2573,
          "modifiedAtIso": "2026-09-15T19:36:24.481Z",
          "sha256": "3663a3575aacef618a4d0f0f007183b3e1c6ff81efdcbeb2f7e9ebcdf1a45ccd"
        },
        {
          "path": "dist/client/assets/how-we-work-iTP2hqpQ.js",
          "sizeBytes": 4997,
          "modifiedAtMs": 1789500984481.2573,
          "modifiedAtIso": "2026-09-15T19:36:24.481Z",
          "sha256": "6eea78f534b9af7e705db0c719690ecad43bd95f65249291cf845d344d54c738"
        },
        {
          "path": "dist/client/assets/assessment-CZ70kHZy.js",
          "sizeBytes": 28964,
          "modifiedAtMs": 1789500984481.2573,
          "modifiedAtIso": "2026-09-15T19:36:24.481Z",
          "sha256": "39ab935a8c8c1f6e57f1f7986b87706de6a8f117d3e62db53c5fdc31779c56eb"
        },
        {
          "path": "dist/client/assets/privacy-CBNcO0f-.js",
          "sizeBytes": 7346,
          "modifiedAtMs": 1789500984481.2573,
          "modifiedAtIso": "2026-09-15T19:36:24.481Z",
          "sha256": "6f2d5ff86ffa2e2b940f0b1e39b73a64adc59264ac227b7bc4f541964dff102b"
        },
        {
          "path": "dist/client/assets/demo-B6eYOg9w.js",
          "sizeBytes": 29738,
          "modifiedAtMs": 1789500984481.2573,
          "modifiedAtIso": "2026-09-15T19:36:24.481Z",
          "sha256": "c67d55d29ebefc649900ef21d535536779e326d6ff5f28e847a5e177702848d7"
        },
        {
          "path": "dist/client/assets/roiModel-CAk7pXlG.js",
          "sizeBytes": 1096,
          "modifiedAtMs": 1789500984481.2573,
          "modifiedAtIso": "2026-09-15T19:36:24.481Z",
          "sha256": "dc80206b8945ac6c99573fcfeafdf6b78eff5d1fede33f0dec347c08e7552817"
        },
        {
          "path": "dist/client/assets/features-PEhsqtiJ.js",
          "sizeBytes": 525,
          "modifiedAtMs": 1789500984481.2573,
          "modifiedAtIso": "2026-09-15T19:36:24.481Z",
          "sha256": "43b07866c6073e0b66aa26c9cf49f3b9d6ea82fd45bce624842c6b43c690c180"
        },
        {
          "path": "dist/client/assets/roi-calculator-CXBADY75.js",
          "sizeBytes": 16859,
          "modifiedAtMs": 1789500984481.2573,
          "modifiedAtIso": "2026-09-15T19:36:24.481Z",
          "sha256": "de1965eac37cf4d01244130be0691c2b1fe6ef8f181df3624453ba34e1f47947"
        },
        {
          "path": "dist/client/assets/callVolume-UDXRJ3RD.js",
          "sizeBytes": 480,
          "modifiedAtMs": 1789500984481.2573,
          "modifiedAtIso": "2026-09-15T19:36:24.481Z",
          "sha256": "d93b8e40c8be8f784fc60073b71f0cbe9e3d87b6bee219a51fcd32a5e271c633"
        },
        {
          "path": "dist/client/assets/what-we-do-DJD8nVLo.js",
          "sizeBytes": 8502,
          "modifiedAtMs": 1789500984481.2573,
          "modifiedAtIso": "2026-09-15T19:36:24.481Z",
          "sha256": "21bbbc5127500c57e0b16476ae7e4c960cfdb52a1c839937638d3177072bbc18"
        },
        {
          "path": "dist/client/assets/book-CK-OdLGk.js",
          "sizeBytes": 1357,
          "modifiedAtMs": 1789500984481.2573,
          "modifiedAtIso": "2026-09-15T19:36:24.481Z",
          "sha256": "fd9daddaaa5d4101f51fd26393bd6e4f0e74b808e74c2f6810063d596f65da67"
        },
        {
          "path": "dist/client/assets/LegalDocumentPage-CFXvdN4_.js",
          "sizeBytes": 2381,
          "modifiedAtMs": 1789500984481.2573,
          "modifiedAtIso": "2026-09-15T19:36:24.481Z",
          "sha256": "f1c5ce9d6c4e19f8c61dfcf74631fd38e3588a33affea80a154eebf2978bda83"
        },
        {
          "path": "dist/client/assets/northstar-9QGI1zL5.js",
          "sizeBytes": 7136,
          "modifiedAtMs": 1789500984481.2573,
          "modifiedAtIso": "2026-09-15T19:36:24.481Z",
          "sha256": "1967b24034568774ca3ada34b6e1768a7df5a6600a71bee7c5fa8a1b294866bc"
        },
        {
          "path": "dist/client/assets/formatCurrency-98B0Aq0f.js",
          "sizeBytes": 148,
          "modifiedAtMs": 1789500984481.2573,
          "modifiedAtIso": "2026-09-15T19:36:24.481Z",
          "sha256": "c45c3a3e622ccaa499bdd695d8da949a90a1671d20a5dd1244c94f4bcbece326"
        },
        {
          "path": "dist/server/server.js",
          "sizeBytes": 67015,
          "modifiedAtMs": 1789500985717.2585,
          "modifiedAtIso": "2026-09-15T19:36:25.717Z",
          "sha256": "8e5f72dfff85f27c6b1eda031299c8a3625d37f7616749067eb804865c1ba3a0"
        }
      ]
    },
    "serverBundleSha256": "8e5f72dfff85f27c6b1eda031299c8a3625d37f7616749067eb804865c1ba3a0",
    "clientBundleSearch": [],
    "serverBundleSearch": [],
    "harnessRouteMatches": [],
    "visitorReachableHarnessMechanisms": 0
  },
  "expectedBehavior": "Harness flag must not bundle fixture routes, fake lead sinks, or harness switches into production artifacts.",
  "actualBehavior": "Harness-flagged build completed; bundle scan recorded below.",
  "evidencePath": "review-artifacts/phase2/safe-qa-harness-isolation-results.json",
  "pass": true
}
Wrote 162 approved ID rows to /workspace/review-artifacts/phase2/approved-id-reconciliation.json
{
  "endingSha": "4a714b3cf19a33c59b4de0d92a3abd22e4f18703",
  "fiveConsecutiveFullSuites": [
    {
      "run": 1,
      "gitSha": "4a714b3cf19a33c59b4de0d92a3abd22e4f18703",
      "command": "bun test 2>&1",
      "status": 0,
      "durationMs": 75540,
      "pass": 795,
      "fail": 0,
      "skip": 0,
      "timeout": 0,
      "tests": 795,
      "files": 102,
      "tail": "src/server/speed2Lead/agent/demoFlow/noResponseCampaign.test.ts:\n(pass) demo no-response guarantee copy > stage 3 includes the profile 90-day guarantee and Jessica/business copy [0.10ms]\n(pass) demo no-response guarantee copy > stage 4 includes the profile 90-day guarantee [0.04ms]\n(pass) demo no-response guarantee copy > omits the guarantee clause when the field is unset [0.05ms]\n\n 795 pass\n 0 fail\n 2082 expect() calls\nRan 795 tests across 102 files. [75.54s]"
    },
    {
      "run": 2,
      "gitSha": "4a714b3cf19a33c59b4de0d92a3abd22e4f18703",
      "command": "bun test 2>&1",
      "status": 0,
      "durationMs": 75240,
      "pass": 795,
      "fail": 0,
      "skip": 0,
      "timeout": 0,
      "tests": 795,
      "files": 102,
      "tail": "src/server/speed2Lead/agent/demoFlow/noResponseCampaign.test.ts:\n(pass) demo no-response guarantee copy > stage 3 includes the profile 90-day guarantee and Jessica/business copy [0.13ms]\n(pass) demo no-response guarantee copy > stage 4 includes the profile 90-day guarantee [0.04ms]\n(pass) demo no-response guarantee copy > omits the guarantee clause when the field is unset [0.05ms]\n\n 795 pass\n 0 fail\n 2082 expect() calls\nRan 795 tests across 102 files. [75.24s]"
    },
    {
      "run": 3,
      "gitSha": "4a714b3cf19a33c59b4de0d92a3abd22e4f18703",
      "command": "bun test 2>&1",
      "status": 0,
      "durationMs": 75220,
      "pass": 795,
      "fail": 0,
      "skip": 0,
      "timeout": 0,
      "tests": 795,
      "files": 102,
      "tail": "src/server/speed2Lead/agent/demoFlow/noResponseCampaign.test.ts:\n(pass) demo no-response guarantee copy > stage 3 includes the profile 90-day guarantee and Jessica/business copy [0.11ms]\n(pass) demo no-response guarantee copy > stage 4 includes the profile 90-day guarantee [0.06ms]\n(pass) demo no-response guarantee copy > omits the guarantee clause when the field is unset [0.04ms]\n\n 795 pass\n 0 fail\n 2082 expect() calls\nRan 795 tests across 102 files. [75.22s]"
    },
    {
      "run": 4,
      "gitSha": "4a714b3cf19a33c59b4de0d92a3abd22e4f18703",
      "command": "bun test 2>&1",
      "status": 0,
      "durationMs": 76030,
      "pass": 795,
      "fail": 0,
      "skip": 0,
      "timeout": 0,
      "tests": 795,
      "files": 102,
      "tail": "src/server/speed2Lead/agent/demoFlow/noResponseCampaign.test.ts:\n(pass) demo no-response guarantee copy > stage 3 includes the profile 90-day guarantee and Jessica/business copy [0.11ms]\n(pass) demo no-response guarantee copy > stage 4 includes the profile 90-day guarantee [0.03ms]\n(pass) demo no-response guarantee copy > omits the guarantee clause when the field is unset [0.05ms]\n\n 795 pass\n 0 fail\n 2082 expect() calls\nRan 795 tests across 102 files. [76.03s]"
    },
    {
      "run": 5,
      "gitSha": "4a714b3cf19a33c59b4de0d92a3abd22e4f18703",
      "command": "bun test 2>&1",
      "status": 0,
      "durationMs": 75280,
      "pass": 795,
      "fail": 0,
      "skip": 0,
      "timeout": 0,
      "tests": 795,
      "files": 102,
      "tail": "src/server/speed2Lead/agent/demoFlow/noResponseCampaign.test.ts:\n(pass) demo no-response guarantee copy > stage 3 includes the profile 90-day guarantee and Jessica/business copy [0.11ms]\n(pass) demo no-response guarantee copy > stage 4 includes the profile 90-day guarantee [0.04ms]\n(pass) demo no-response guarantee copy > omits the guarantee clause when the field is unset [0.05ms]\n\n 795 pass\n 0 fail\n 2082 expect() calls\nRan 795 tests across 102 files. [75.28s]"
    }
  ],
  "messageSidThreeRuns": [
    {
      "run": 1,
      "gitSha": "4a714b3cf19a33c59b4de0d92a3abd22e4f18703",
      "command": "bun test src/server/sms/sendState.duplication.test.ts -t \"inbound reply\" 2>&1",
      "status": 0,
      "durationMs": 217,
      "pass": 1,
      "fail": 0,
      "skip": 0,
      "timeout": 0,
      "tests": null,
      "files": null,
      "tail": "src/server/sms/sendState.duplication.test.ts:\n(pass) duplication-boundary replay of real upstream triggers > inbound reply: the same Twilio MessageSid delivered twice sends one reply [5.14ms]\n\n 1 pass\n 12 filtered out\n 0 fail\n 1 expect() calls\nRan 1 test across 1 file. [92.00ms]"
    },
    {
      "run": 2,
      "gitSha": "4a714b3cf19a33c59b4de0d92a3abd22e4f18703",
      "command": "bun test src/server/sms/sendState.duplication.test.ts -t \"inbound reply\" 2>&1",
      "status": 0,
      "durationMs": 195,
      "pass": 1,
      "fail": 0,
      "skip": 0,
      "timeout": 0,
      "tests": null,
      "files": null,
      "tail": "src/server/sms/sendState.duplication.test.ts:\n(pass) duplication-boundary replay of real upstream triggers > inbound reply: the same Twilio MessageSid delivered twice sends one reply [5.09ms]\n\n 1 pass\n 12 filtered out\n 0 fail\n 1 expect() calls\nRan 1 test across 1 file. [90.00ms]"
    },
    {
      "run": 3,
      "gitSha": "4a714b3cf19a33c59b4de0d92a3abd22e4f18703",
      "command": "bun test src/server/sms/sendState.duplication.test.ts -t \"inbound reply\" 2>&1",
      "status": 0,
      "durationMs": 200,
      "pass": 1,
      "fail": 0,
      "skip": 0,
      "timeout": 0,
      "tests": null,
      "files": null,
      "tail": "src/server/sms/sendState.duplication.test.ts:\n(pass) duplication-boundary replay of real upstream triggers > inbound reply: the same Twilio MessageSid delivered twice sends one reply [5.00ms]\n\n 1 pass\n 12 filtered out\n 0 fail\n 1 expect() calls\nRan 1 test across 1 file. [92.00ms]"
    }
  ],
  "productionTypecheck": {
    "command": "bun run typecheck",
    "exitStatus": 2,
    "diagnosticCount": 90
  },
  "testScopeTypecheck": {
    "command": "bun run typecheck:test",
    "exitStatus": 2,
    "diagnosticCount": 84
  },
  "qaScopeTypecheck": {
    "command": "bun run typecheck:qa",
    "exitStatus": 2,
    "diagnosticCount": 10
  },
  "productionBuildClean": {
    "command": "NODE_ENV=production bun run build",
    "exitStatus": 0
  },
  "sBnd": {
    "command": "bun test src/server/report/bundleBoundary.test.ts 2>&1",
    "status": 0,
    "durationMs": 137,
    "pass": 44,
    "fail": 0,
    "skip": 0,
    "timeout": 0,
    "tests": null,
    "files": null,
    "tail": "(pass) assessment PDF bundle boundary > S-BND-04 (Upstash Redis credentials) not referenced in lib/assessment/buildLeadSummary.ts [0.03ms]\n(pass) assessment PDF bundle boundary > S-BND-05 (Redis client accessor) not referenced in lib/assessment/buildLeadSummary.ts [0.02ms]\n(pass) assessment PDF bundle boundary > X-BND-13: assessment token route dynamically imports isolated server handler [0.22ms]\n(pass) assessment PDF bundle boundary > X-BND-14: assessment PDF bytes use isolated renderAssessmentPdf pipeline [0.13ms]\n\n 44 pass\n 0 fail\n 53 expect() calls\nRan 44 tests across 1 file. [33.00ms]"
  },
  "sParity": {
    "command": "bun test src/server/assessment/protectedAgentParity.test.ts 2>&1",
    "status": 0,
    "durationMs": 143,
    "pass": 6,
    "fail": 0,
    "skip": 0,
    "timeout": 0,
    "tests": null,
    "files": null,
    "tail": "(pass) S-PARITY protected agent regression > S-PARITY-03: Demo startConversation contract unchanged [0.03ms]\n(pass) S-PARITY protected agent regression > S-PARITY-04: webhook and dispatch entrypoints unchanged [0.08ms]\n(pass) S-PARITY protected agent regression > S-PARITY-05: frozen-file-diff matches immutable Git-object baseline manifest [0.76ms]\n(pass) S-PARITY protected agent regression > S-PARITY-05 negative control: deliberately incorrect in-memory hash fails without mutating files [0.54ms]\n\n 6 pass\n 0 fail\n 22 expect() calls\nRan 6 tests across 1 file. [39.00ms]"
  },
  "protectedManifestZeroDiff": true,
  "approvedIdReconciliation": {
    "rowCount": 162,
    "exact": true
  },
  "xTestsOutside162": {
    "rowCount": 78,
    "uniqueIds": 78,
    "confirmed": true
  },
  "accessibility": {
    "passCount": 89,
    "failCount": 0,
    "deferredCount": 1,
    "remainingObjectiveDefects": 0,
    "screenReaderDeferred": 1
  }
}
